[11:56:20 p. m.] Truper: paginas del catalogo: 693
[11:56:20 p. m.] Truper: paginas 1-8: 0 codigos
[11:56:45 p. m.] Truper: paginas 81-88: 1275 codigos
[11:56:50 p. m.] Truper: el sitio pide pausa: espera 60 s
[11:58:11 p. m.] Truper: paginas 161-168: 3292 codigos
[11:58:20 p. m.] Truper: el sitio pide pausa: espera 60 s
[11:59:36 p. m.] Truper: paginas 241-248: 5032 codigos
[11:59:50 p. m.] Truper: el sitio pide pausa: espera 60 s
[12:01:01 a. m.] Truper: paginas 321-328: 6635 codigos
[12:01:20 a. m.] Truper: el sitio pide pausa: espera 60 s
[12:02:26 a. m.] Truper: paginas 401-408: 8471 codigos
[12:02:51 a. m.] Truper: el sitio pide pausa: espera 60 s
[12:03:52 a. m.] Truper: paginas 481-488: 10105 codigos
[12:04:17 a. m.] Truper: paginas 561-568: 13286 codigos
[12:04:21 a. m.] Truper: el sitio pide pausa: espera 60 s
[12:05:42 a. m.] Truper: paginas 641-648: 14935 codigos
[12:05:51 a. m.] Truper: el sitio pide pausa: espera 60 s
[12:33:36 a. m.] Truper: codigos unicos: 15193
[12:33:36 a. m.] Truper: piloto 10 %: 1520 fichas
[12:37:47 a. m.] Truper: piloto: 100/15193 fichas
[12:41:58 a. m.] Truper: piloto: 200/15193 fichas
[12:46:12 a. m.] Truper: piloto: 300/15193 fichas
[12:50:23 a. m.] Truper: piloto: 400/15193 fichas
[12:54:34 a. m.] Truper: piloto: 500/15193 fichas
[12:58:47 a. m.] Truper: piloto: 600/15193 fichas
[1:02:59 a. m.] Truper: piloto: 700/15193 fichas
[1:07:09 a. m.] Truper: piloto: 800/15193 fichas
[1:11:20 a. m.] Truper: piloto: 900/15193 fichas
[1:15:31 a. m.] Truper: piloto: 1000/15193 fichas
[1:19:41 a. m.] Truper: piloto: 1100/15193 fichas
[1:23:51 a. m.] Truper: piloto: 1200/15193 fichas
[1:28:02 a. m.] Truper: piloto: 1300/15193 fichas
[1:32:13 a. m.] Truper: piloto: 1400/15193 fichas
[1:36:24 a. m.] Truper: piloto: 1500/15193 fichas
[2:09:00 a. m.] Truper: auditoria 744/760 = 97.9 %
[2:13:11 a. m.] Truper: completo: 1620/15193 fichas
[2:17:22 a. m.] Truper: completo: 1720/15193 fichas
[2:21:32 a. m.] Truper: completo: 1820/15193 fichas
[2:25:43 a. m.] Truper: completo: 1920/15193 fichas
[2:29:53 a. m.] Truper: completo: 2020/15193 fichas
[2:34:04 a. m.] Truper: completo: 2120/15193 fichas
[2:38:15 a. m.] Truper: completo: 2220/15193 fichas
[2:42:26 a. m.] Truper: completo: 2320/15193 fichas
[2:46:36 a. m.] Truper: completo: 2420/15193 fichas
[2:50:47 a. m.] Truper: completo: 2520/15193 fichas
[2:54:58 a. m.] Truper: completo: 2620/15193 fichas
[2:59:08 a. m.] Truper: completo: 2720/15193 fichas
[3:03:19 a. m.] Truper: completo: 2820/15193 fichas
[3:07:30 a. m.] Truper: completo: 2920/15193 fichas
[3:11:41 a. m.] Truper: completo: 3020/15193 fichas
[3:15:51 a. m.] Truper: completo: 3120/15193 fichas
[3:20:02 a. m.] Truper: completo: 3220/15193 fichas
[3:24:13 a. m.] Truper: completo: 3320/15193 fichas
[3:28:24 a. m.] Truper: completo: 3420/15193 fichas
[3:32:34 a. m.] Truper: completo: 3520/15193 fichas
[3:36:45 a. m.] Truper: completo: 3620/15193 fichas
[3:40:56 a. m.] Truper: completo: 3720/15193 fichas
[3:45:07 a. m.] Truper: completo: 3820/15193 fichas
[3:49:17 a. m.] Truper: completo: 3920/15193 fichas
[3:53:28 a. m.] Truper: completo: 4020/15193 fichas
[3:57:39 a. m.] Truper: completo: 4120/15193 fichas
[4:01:49 a. m.] Truper: completo: 4220/15193 fichas
[4:06:00 a. m.] Truper: completo: 4320/15193 fichas
[4:10:11 a. m.] Truper: completo: 4420/15193 fichas
[4:14:22 a. m.] Truper: completo: 4520/15193 fichas
[4:18:32 a. m.] Truper: completo: 4620/15193 fichas
[4:22:43 a. m.] Truper: completo: 4720/15193 fichas
[4:26:54 a. m.] Truper: completo: 4820/15193 fichas
[4:31:04 a. m.] Truper: completo: 4920/15193 fichas
[4:35:15 a. m.] Truper: completo: 5020/15193 fichas
[4:39:26 a. m.] Truper: completo: 5120/15193 fichas
[4:43:37 a. m.] Truper: completo: 5220/15193 fichas
[4:47:47 a. m.] Truper: completo: 5320/15193 fichas
[4:51:58 a. m.] Truper: completo: 5420/15193 fichas
[4:56:09 a. m.] Truper: completo: 5520/15193 fichas
[5:00:19 a. m.] Truper: completo: 5620/15193 fichas
[5:04:30 a. m.] Truper: completo: 5720/15193 fichas
[5:08:41 a. m.] Truper: completo: 5820/15193 fichas
[5:12:52 a. m.] Truper: completo: 5920/15193 fichas
[5:17:02 a. m.] Truper: completo: 6020/15193 fichas
[5:21:13 a. m.] Truper: completo: 6120/15193 fichas
[5:25:24 a. m.] Truper: completo: 6220/15193 fichas
[5:29:34 a. m.] Truper: completo: 6320/15193 fichas
[5:33:45 a. m.] Truper: completo: 6420/15193 fichas
[5:37:56 a. m.] Truper: completo: 6520/15193 fichas
[5:42:06 a. m.] Truper: completo: 6620/15193 fichas
[5:46:17 a. m.] Truper: completo: 6720/15193 fichas
[5:50:28 a. m.] Truper: completo: 6820/15193 fichas
[5:54:38 a. m.] Truper: completo: 6920/15193 fichas
[5:58:49 a. m.] Truper: completo: 7020/15193 fichas
[6:03:00 a. m.] Truper: completo: 7120/15193 fichas
[6:07:10 a. m.] Truper: completo: 7220/15193 fichas
[6:11:22 a. m.] Truper: completo: 7320/15193 fichas
[6:15:33 a. m.] Truper: completo: 7420/15193 fichas
[6:19:43 a. m.] Truper: completo: 7520/15193 fichas
[6:23:54 a. m.] Truper: completo: 7620/15193 fichas
[6:28:04 a. m.] Truper: completo: 7720/15193 fichas
[6:32:16 a. m.] Truper: completo: 7820/15193 fichas
[6:36:26 a. m.] Truper: completo: 7920/15193 fichas
[6:40:36 a. m.] Truper: completo: 8020/15193 fichas
[6:44:47 a. m.] Truper: completo: 8120/15193 fichas
[6:48:58 a. m.] Truper: completo: 8220/15193 fichas
[6:53:09 a. m.] Truper: completo: 8320/15193 fichas
[6:57:20 a. m.] Truper: completo: 8420/15193 fichas
[7:01:36 a. m.] Truper: completo: 8520/15193 fichas
[7:05:46 a. m.] Truper: completo: 8620/15193 fichas
[7:09:57 a. m.] Truper: completo: 8720/15193 fichas
[7:14:08 a. m.] Truper: completo: 8820/15193 fichas
[7:18:19 a. m.] Truper: completo: 8920/15193 fichas
[7:22:29 a. m.] Truper: completo: 9020/15193 fichas
[7:26:40 a. m.] Truper: completo: 9120/15193 fichas
[7:30:51 a. m.] Truper: completo: 9220/15193 fichas
[7:35:01 a. m.] Truper: completo: 9320/15193 fichas
[7:39:12 a. m.] Truper: completo: 9420/15193 fichas
[7:43:23 a. m.] Truper: completo: 9520/15193 fichas
[7:47:34 a. m.] Truper: completo: 9620/15193 fichas
[7:51:45 a. m.] Truper: completo: 9720/15193 fichas
[7:55:55 a. m.] Truper: completo: 9820/15193 fichas
[8:00:06 a. m.] Truper: completo: 9920/15193 fichas
[8:04:16 a. m.] Truper: completo: 10020/15193 fichas
[8:08:27 a. m.] Truper: completo: 10120/15193 fichas
[8:12:38 a. m.] Truper: completo: 10220/15193 fichas
[8:17:00 a. m.] Truper: completo: 10320/15193 fichas
[8:21:10 a. m.] Truper: completo: 10420/15193 fichas
[8:25:24 a. m.] Truper: completo: 10520/15193 fichas
[8:29:35 a. m.] Truper: completo: 10620/15193 fichas
[8:33:46 a. m.] Truper: completo: 10720/15193 fichas
[8:37:56 a. m.] Truper: completo: 10820/15193 fichas
[8:42:07 a. m.] Truper: completo: 10920/15193 fichas
[8:46:17 a. m.] Truper: completo: 11020/15193 fichas
[8:50:28 a. m.] Truper: completo: 11120/15193 fichas
[8:54:40 a. m.] Truper: completo: 11220/15193 fichas
[8:58:50 a. m.] Truper: completo: 11320/15193 fichas
[9:03:01 a. m.] Truper: completo: 11420/15193 fichas
[9:07:12 a. m.] Truper: completo: 11520/15193 fichas
[9:11:22 a. m.] Truper: completo: 11620/15193 fichas
[9:15:33 a. m.] Truper: completo: 11720/15193 fichas
[9:19:44 a. m.] Truper: completo: 11820/15193 fichas
[9:23:54 a. m.] Truper: completo: 11920/15193 fichas
[9:28:06 a. m.] Truper: completo: 12020/15193 fichas
[9:32:16 a. m.] Truper: completo: 12120/15193 fichas
[9:36:27 a. m.] Truper: completo: 12220/15193 fichas
[9:40:38 a. m.] Truper: completo: 12320/15193 fichas
[9:44:49 a. m.] Truper: completo: 12420/15193 fichas
[9:48:59 a. m.] Truper: completo: 12520/15193 fichas
[9:53:10 a. m.] Truper: completo: 12620/15193 fichas
[9:57:21 a. m.] Truper: completo: 12720/15193 fichas
[10:01:32 a. m.] Truper: completo: 12820/15193 fichas
[10:05:42 a. m.] Truper: completo: 12920/15193 fichas
[10:09:53 a. m.] Truper: completo: 13020/15193 fichas
[10:14:03 a. m.] Truper: completo: 13120/15193 fichas
[10:18:14 a. m.] Truper: completo: 13220/15193 fichas
[10:22:25 a. m.] Truper: completo: 13320/15193 fichas
[10:26:36 a. m.] Truper: completo: 13420/15193 fichas
[10:30:46 a. m.] Truper: completo: 13520/15193 fichas
[10:34:57 a. m.] Truper: completo: 13620/15193 fichas
[10:39:08 a. m.] Truper: completo: 13720/15193 fichas
[10:43:18 a. m.] Truper: completo: 13820/15193 fichas
[10:47:28 a. m.] Truper: completo: 13920/15193 fichas
[10:51:40 a. m.] Truper: completo: 14020/15193 fichas
[10:56:11 a. m.] Truper: completo: 14120/15193 fichas
[11:00:24 a. m.] Truper: completo: 14220/15193 fichas
[11:04:33 a. m.] Truper: completo: 14320/15193 fichas
[11:08:44 a. m.] Truper: completo: 14420/15193 fichas
[11:12:55 a. m.] Truper: completo: 14520/15193 fichas
[11:17:06 a. m.] Truper: completo: 14620/15193 fichas
[11:21:16 a. m.] Truper: completo: 14720/15193 fichas
[11:25:27 a. m.] Truper: completo: 14820/15193 fichas
[11:29:38 a. m.] Truper: completo: 14920/15193 fichas
[11:33:49 a. m.] Truper: completo: 15020/15193 fichas
[11:37:59 a. m.] Truper: completo: 15120/15193 fichas
[11:41:04 a. m.] Truper: COMPLETO: 10981 productos (Pretul 830), fallas 4212
[11:41:04 a. m.] Truper: fin
