[12:39:58 a. m.] inicio: Diablo
[12:39:58 a. m.] Diablo: piloto 10 % (diablo, semilla 20260927)
[12:40:50 a. m.] Diablo: 50/169 fichas, 50 productos
[12:41:41 a. m.] Diablo: 100/169 fichas, 100 productos
[12:42:32 a. m.] Diablo: 150/169 fichas, 150 productos
[12:42:51 a. m.] Diablo: piloto: 169 productos; auditoria de 85 fichas
[12:45:01 a. m.] Diablo: auditoria 85/85 = 100.0 % -> APROBADO
[12:45:51 a. m.] Diablo: 50/1688 fichas, 50 productos
[12:46:41 a. m.] Diablo: 100/1688 fichas, 100 productos
[12:47:32 a. m.] Diablo: 150/1688 fichas, 150 productos
[12:48:23 a. m.] Diablo: 200/1688 fichas, 200 productos
[12:49:13 a. m.] Diablo: 250/1688 fichas, 250 productos
[12:50:04 a. m.] Diablo: 300/1688 fichas, 300 productos
[12:50:54 a. m.] Diablo: 350/1688 fichas, 350 productos
[12:51:44 a. m.] Diablo: 400/1688 fichas, 400 productos
[12:52:35 a. m.] Diablo: 450/1688 fichas, 450 productos
[12:53:29 a. m.] Diablo: 500/1688 fichas, 500 productos
  429 en diablotools.com: espera 30 s
[12:54:49 a. m.] Diablo: 550/1688 fichas, 550 productos
[12:55:39 a. m.] Diablo: 600/1688 fichas, 600 productos
[12:56:30 a. m.] Diablo: 650/1688 fichas, 650 productos
[12:57:20 a. m.] Diablo: 700/1688 fichas, 700 productos
[12:58:10 a. m.] Diablo: 750/1688 fichas, 750 productos
[12:59:01 a. m.] Diablo: 800/1688 fichas, 800 productos
[12:59:51 a. m.] Diablo: 850/1688 fichas, 850 productos
[1:00:42 a. m.] Diablo: 900/1688 fichas, 899 productos
[1:01:32 a. m.] Diablo: 950/1688 fichas, 949 productos
[1:02:23 a. m.] Diablo: 1000/1688 fichas, 999 productos
[1:03:13 a. m.] Diablo: 1050/1688 fichas, 1049 productos
[1:04:04 a. m.] Diablo: 1100/1688 fichas, 1099 productos
[1:04:54 a. m.] Diablo: 1150/1688 fichas, 1149 productos
[1:05:45 a. m.] Diablo: 1200/1688 fichas, 1199 productos
[1:06:35 a. m.] Diablo: 1250/1688 fichas, 1249 productos
[1:07:26 a. m.] Diablo: 1300/1688 fichas, 1299 productos
[1:08:16 a. m.] Diablo: 1350/1688 fichas, 1349 productos
[1:09:06 a. m.] Diablo: 1400/1688 fichas, 1399 productos
[1:09:57 a. m.] Diablo: 1450/1688 fichas, 1449 productos
[1:10:47 a. m.] Diablo: 1500/1688 fichas, 1499 productos
[1:11:39 a. m.] Diablo: 1550/1688 fichas, 1549 productos
[1:12:29 a. m.] Diablo: 1600/1688 fichas, 1599 productos
[1:13:19 a. m.] Diablo: 1650/1688 fichas, 1649 productos
[1:13:59 a. m.] Diablo: COMPLETO: 1687 productos -> pages\PROVEEDORES\Grupo B\11 - Diablo\Inventario_diablo.xlsx
[1:13:59 a. m.] fin: Diablo: 1687 productos
