[12:20:14 a. m.] inicio: Makita, Diablo, Toxement
[12:20:14 a. m.] Makita: piloto 10 % (woo, semilla 20260927)
[12:20:14 a. m.] Diablo: piloto 10 % (diablo, semilla 20260927)
[12:20:14 a. m.] Toxement: piloto 10 % (rastreo, semilla 20260927)
[12:20:20 a. m.] Makita: 100 productos
[12:20:26 a. m.] Makita: 200 productos
[12:20:32 a. m.] Makita: 300 productos
[12:20:37 a. m.] Makita: 400 productos
[12:20:42 a. m.] Makita: 500 productos
[12:20:46 a. m.] Makita: 600 productos
[12:20:51 a. m.] Makita: 700 productos
[12:20:57 a. m.] Makita: 800 productos
[12:21:04 a. m.] Makita: 900 productos
[12:21:05 a. m.] Diablo: 50/169 fichas, 50 productos
[12:21:14 a. m.] Makita: 1000 productos
[12:21:20 a. m.] Makita: 1100 productos
[12:21:25 a. m.] Makita: 1200 productos
[12:21:29 a. m.] Toxement: 75/365 fichas, 22 productos
[12:21:30 a. m.] Makita: 1300 productos
[12:21:35 a. m.] Makita: 1400 productos
[12:21:40 a. m.] Makita: 1500 productos
[12:21:41 a. m.] Makita: 1508 productos
[12:21:41 a. m.] Makita: piloto: 151 productos; auditoria de 76 fichas
[12:21:55 a. m.] Diablo: 100/169 fichas, 100 productos
[12:22:46 a. m.] Diablo: 150/169 fichas, 150 productos
[12:23:05 a. m.] Diablo: piloto: 169 productos; auditoria de 85 fichas
[12:23:22 a. m.] Toxement: piloto: 14 productos; auditoria de 7 fichas
[12:23:30 a. m.] Toxement: auditoria 0/7 = 0.0 % -> NO aprobado
[12:25:14 a. m.] Diablo: auditoria 0/85 = 0.0 % -> NO aprobado
[12:30:46 a. m.] Makita: auditoria 76/76 = 100.0 % -> APROBADO
[12:30:46 a. m.] Makita: COMPLETO: 1508 productos -> pages\PROVEEDORES\Grupo C\27 - Makita\Inventario_makita.xlsx
[12:30:46 a. m.] fin: Makita: 1508 productos | Diablo: piloto NO aprobado | Toxement: piloto NO aprobado
