[2:12:07 a. m.] Urrea: productos en la vista urrea_mx: 17120 (172 paginas de 100)
[2:13:22 a. m.] Urrea: piloto 10 %: 5 productos; auditoria de 856 fichas
[2:13:28 a. m.] Urrea: auditoria 3/3 = 100.0 %
[2:14:50 a. m.] Urrea: completo: pagina 10/172, 0 productos
[2:16:18 a. m.] Urrea: completo: pagina 20/172, 0 productos
[2:17:40 a. m.] Urrea: completo: pagina 30/172, 13 productos
[2:18:41 a. m.] Urrea: el sitio pide pausa (respuesta no JSON (200)): espera 60 s
[2:19:43 a. m.] Urrea: el sitio pide pausa (respuesta no JSON (200)): espera 120 s
[2:21:44 a. m.] Urrea: el sitio pide pausa (respuesta no JSON (200)): espera 180 s
[2:25:13 a. m.] Urrea: completo: pagina 40/172, 364 productos
[2:26:44 a. m.] Urrea: completo: pagina 50/172, 372 productos
[2:28:17 a. m.] Urrea: completo: pagina 60/172, 372 productos
[2:29:46 a. m.] Urrea: completo: pagina 70/172, 372 productos
[2:31:20 a. m.] Urrea: completo: pagina 80/172, 374 productos
[2:32:59 a. m.] Urrea: completo: pagina 90/172, 383 productos
[2:34:39 a. m.] Urrea: completo: pagina 100/172, 462 productos
[2:34:58 a. m.] Urrea: completo: pagina 110/172, 462 productos
[2:35:18 a. m.] Urrea: completo: pagina 120/172, 462 productos
[2:35:38 a. m.] Urrea: completo: pagina 130/172, 462 productos
[2:35:49 a. m.] Urrea: el sitio pide pausa (respuesta no JSON (200)): espera 60 s
[2:36:50 a. m.] Urrea: el sitio pide pausa (respuesta no JSON (200)): espera 120 s
[2:38:51 a. m.] Urrea: el sitio pide pausa (respuesta no JSON (200)): espera 180 s
[2:41:53 a. m.] Urrea: el sitio pide pausa (respuesta no JSON (403)): espera 240 s
[2:46:03 a. m.] Urrea: completo: pagina 140/172, 462 productos
[2:46:23 a. m.] Urrea: completo: pagina 150/172, 462 productos
[2:46:43 a. m.] Urrea: completo: pagina 160/172, 462 productos
[2:47:03 a. m.] Urrea: completo: pagina 170/172, 462 productos
[2:47:08 a. m.] Urrea: COMPLETO: 462 productos -> Foy 462
[2:47:08 a. m.] Urrea: fin
