[12:12:36 a. m.] inicio: Bosch, Keltec Technolab
[12:12:36 a. m.] Bosch: piloto 10 % (mapa, semilla 20260927)
[12:12:36 a. m.] Keltec Technolab: piloto 10 % (shopify, semilla 20260927)
[12:12:38 a. m.] Keltec Technolab: 250 productos
[12:12:40 a. m.] Keltec Technolab: 500 productos
[12:12:40 a. m.] Keltec Technolab: 750 productos
[12:12:43 a. m.] Keltec Technolab: 1000 productos
[12:12:43 a. m.] Keltec Technolab: 1250 productos
[12:12:44 a. m.] Keltec Technolab: 1500 productos
[12:12:45 a. m.] Keltec Technolab: 1750 productos
[12:12:46 a. m.] Keltec Technolab: 2000 productos
[12:12:48 a. m.] Keltec Technolab: 2250 productos
[12:12:49 a. m.] Keltec Technolab: 2500 productos
[12:12:50 a. m.] Keltec Technolab: 2750 productos
[12:12:51 a. m.] Keltec Technolab: 3000 productos
[12:12:52 a. m.] Keltec Technolab: 3250 productos
[12:12:55 a. m.] Keltec Technolab: 3500 productos
[12:12:56 a. m.] Keltec Technolab: 3750 productos
[12:12:57 a. m.] Keltec Technolab: 4000 productos
[12:12:58 a. m.] Keltec Technolab: 4250 productos
[12:13:00 a. m.] Keltec Technolab: 4500 productos
[12:13:00 a. m.] Keltec Technolab: 4750 productos
[12:13:02 a. m.] Bosch: 25/108 fichas, 46 productos
[12:13:03 a. m.] Keltec Technolab: 5000 productos
[12:13:03 a. m.] Keltec Technolab: 5250 productos
[12:13:05 a. m.] Keltec Technolab: 5409 productos
[12:13:05 a. m.] Keltec Technolab: piloto: 5409 productos; auditoria de 271 fichas
[12:13:27 a. m.] Bosch: 50/108 fichas, 144 productos
[12:13:53 a. m.] Bosch: 75/108 fichas, 176 productos
[12:14:19 a. m.] Bosch: 100/108 fichas, 230 productos
[12:14:28 a. m.] Bosch: piloto: 256 productos; auditoria de 54 fichas
[12:15:22 a. m.] Bosch: auditoria 54/54 = 100.0 % -> APROBADO
[12:15:48 a. m.] Bosch: 25/1075 fichas, 25 productos
[12:16:15 a. m.] Bosch: 50/1075 fichas, 50 productos
[12:16:40 a. m.] Bosch: 75/1075 fichas, 75 productos
[12:17:06 a. m.] Bosch: 100/1075 fichas, 100 productos
[12:17:31 a. m.] Bosch: 125/1075 fichas, 125 productos
[12:17:56 a. m.] Bosch: 150/1075 fichas, 150 productos
[12:18:21 a. m.] Bosch: 175/1075 fichas, 175 productos
[12:18:49 a. m.] Bosch: 200/1075 fichas, 200 productos
[12:19:14 a. m.] Bosch: 225/1075 fichas, 225 productos
[12:19:40 a. m.] Bosch: 250/1075 fichas, 250 productos
[12:20:05 a. m.] Bosch: 275/1075 fichas, 275 productos
[12:20:30 a. m.] Bosch: 300/1075 fichas, 308 productos
[12:20:55 a. m.] Bosch: 325/1075 fichas, 406 productos
[12:21:20 a. m.] Bosch: 350/1075 fichas, 466 productos
[12:21:46 a. m.] Bosch: 375/1075 fichas, 666 productos
[12:22:12 a. m.] Bosch: 400/1075 fichas, 738 productos
[12:22:37 a. m.] Bosch: 425/1075 fichas, 797 productos
[12:23:03 a. m.] Bosch: 450/1075 fichas, 880 productos
[12:23:28 a. m.] Bosch: 475/1075 fichas, 915 productos
[12:23:53 a. m.] Bosch: 500/1075 fichas, 952 productos
[12:24:19 a. m.] Bosch: 525/1075 fichas, 979 productos
[12:24:44 a. m.] Bosch: 550/1075 fichas, 1091 productos
[12:25:09 a. m.] Bosch: 575/1075 fichas, 1116 productos
[12:25:34 a. m.] Bosch: 600/1075 fichas, 1155 productos
[12:25:50 a. m.] Keltec Technolab: auditoria 271/271 = 100.0 % -> APROBADO
[12:25:51 a. m.] Keltec Technolab: 250 productos
[12:25:52 a. m.] Keltec Technolab: 500 productos
[12:25:53 a. m.] Keltec Technolab: 750 productos
[12:25:54 a. m.] Keltec Technolab: 1000 productos
[12:25:55 a. m.] Keltec Technolab: 1250 productos
[12:25:57 a. m.] Keltec Technolab: 1500 productos
[12:25:57 a. m.] Keltec Technolab: 1750 productos
[12:25:59 a. m.] Keltec Technolab: 2000 productos
[12:25:59 a. m.] Keltec Technolab: 2250 productos
[12:26:00 a. m.] Bosch: 625/1075 fichas, 1225 productos
[12:26:03 a. m.] Keltec Technolab: 2500 productos
[12:26:03 a. m.] Keltec Technolab: 2750 productos
[12:26:04 a. m.] Keltec Technolab: 3000 productos
[12:26:05 a. m.] Keltec Technolab: 3250 productos
[12:26:07 a. m.] Keltec Technolab: 3500 productos
[12:26:07 a. m.] Keltec Technolab: 3750 productos
[12:26:10 a. m.] Keltec Technolab: 4000 productos
[12:26:10 a. m.] Keltec Technolab: 4250 productos
[12:26:12 a. m.] Keltec Technolab: 4500 productos
[12:26:12 a. m.] Keltec Technolab: 4750 productos
[12:26:14 a. m.] Keltec Technolab: 5000 productos
[12:26:15 a. m.] Keltec Technolab: 5250 productos
[12:26:17 a. m.] Keltec Technolab: 5409 productos
[12:26:18 a. m.] Keltec Technolab: COMPLETO: 5409 productos -> pages\PROVEEDORES\Grupo B\13 - Keltec Technolab\Inventario_keltectechnolab.xlsx
[12:26:25 a. m.] Bosch: 650/1075 fichas, 1260 productos
[12:26:51 a. m.] Bosch: 675/1075 fichas, 1317 productos
[12:27:16 a. m.] Bosch: 700/1075 fichas, 1372 productos
[12:27:41 a. m.] Bosch: 725/1075 fichas, 1439 productos
[12:28:06 a. m.] Bosch: 750/1075 fichas, 1464 productos
[12:28:31 a. m.] Bosch: 775/1075 fichas, 1591 productos
[12:28:57 a. m.] Bosch: 800/1075 fichas, 1666 productos
[12:29:22 a. m.] Bosch: 825/1075 fichas, 1736 productos
[12:29:48 a. m.] Bosch: 850/1075 fichas, 1812 productos
[12:30:16 a. m.] Bosch: 875/1075 fichas, 1882 productos
[12:30:42 a. m.] Bosch: 900/1075 fichas, 2055 productos
[12:31:07 a. m.] Bosch: 925/1075 fichas, 2215 productos
[12:31:32 a. m.] Bosch: 950/1075 fichas, 2443 productos
[12:31:58 a. m.] Bosch: 975/1075 fichas, 2481 productos
[12:32:23 a. m.] Bosch: 1000/1075 fichas, 2529 productos
[12:32:50 a. m.] Bosch: 1025/1075 fichas, 2599 productos
[12:33:20 a. m.] Bosch: 1050/1075 fichas, 2722 productos
[12:33:47 a. m.] Bosch: 1075/1075 fichas, 2758 productos
[12:33:47 a. m.] Bosch: COMPLETO: 2758 productos -> pages\PROVEEDORES\Grupo B\12 - Bosch\Inventario_bosch.xlsx
[12:33:47 a. m.] fin: Bosch: 2758 productos | Keltec Technolab: 5409 productos
