[11:06:28 p. m.] Renty Herramientas: captura (woo)
[11:07:48 p. m.] Renty Herramientas: 89 equipos · piloto 9 · auditoria 5/5 = 100.0 % -> APROBADO
[11:07:48 p. m.] Ferretería Donda: captura (donda)
[11:07:55 p. m.] Ferretería Donda: 12 equipos · piloto 2 · auditoria 3/3 = 100.0 % -> APROBADO
[11:07:55 p. m.] Consicon: captura (woo-categorias)
[11:08:00 p. m.] Consicon: 43 equipos · piloto 5 · auditoria 3/3 = 100.0 % -> APROBADO
[11:08:00 p. m.] Homecenter · Alquiler de herramientas: captura (pagina)
[11:08:00 p. m.] Homecenter · Alquiler de herramientas: 0 equipos · piloto 0 · auditoria 0/0 = 100.0 % -> APROBADO
[11:08:00 p. m.] Dimacro: captura (pagina)
[11:08:01 p. m.] Dimacro: 0 equipos · piloto 0 · auditoria 0/0 = 100.0 % -> APROBADO
[11:08:01 p. m.] ESCO: captura (pdf-texto)
[11:08:02 p. m.] ESCO: 181 equipos · piloto 19 · auditoria 181/181 = 100.0 % -> APROBADO
[11:08:02 p. m.] Proconstructores: captura (pagina)
[11:08:06 p. m.] Proconstructores: 12 equipos · piloto 2 · auditoria 3/3 = 100.0 % -> APROBADO
[11:08:06 p. m.] Arrendaequipos: captura (pagina)
[11:08:09 p. m.] Arrendaequipos: 2 equipos · piloto 1 · auditoria 2/2 = 100.0 % -> APROBADO
[11:08:09 p. m.] ALNASAN S.A.S: captura (pagina)
[11:08:12 p. m.] ALNASAN S.A.S: 4 equipos · piloto 1 · auditoria 3/3 = 100.0 % -> APROBADO
[11:08:12 p. m.] Equipos Azul y Blanco: captura (pagina)
[11:08:16 p. m.] Equipos Azul y Blanco: 7 equipos · piloto 1 · auditoria 3/3 = 100.0 % -> APROBADO
[11:08:16 p. m.] TuMaquinaYa: captura (auto)
[11:09:05 p. m.] TuMaquinaYa: 24 equipos · piloto 3 · auditoria 3/3 = 100.0 % -> APROBADO
[11:09:05 p. m.] Ingeniería y Alquiler: captura (auto)
[11:10:11 p. m.] Ingeniería y Alquiler: 1 equipos · piloto 1 · auditoria 1/1 = 100.0 % -> APROBADO
[11:10:11 p. m.] Destapes y Plomería (alquiler): captura (auto)
[11:10:43 p. m.] Destapes y Plomería (alquiler): 0 equipos · piloto 0 · auditoria 0/0 = 100.0 % -> APROBADO
[11:10:44 p. m.] CentralQuipos: captura (auto)
[11:10:56 p. m.] CentralQuipos: 82 equipos · piloto 9 · auditoria 5/5 = 100.0 % -> APROBADO
[11:10:57 p. m.] ACG Equipos: captura (auto)
[11:11:51 p. m.] ACG Equipos: 0 equipos · piloto 0 · auditoria 0/0 = 100.0 % -> APROBADO
[11:11:51 p. m.] Akirento: captura (auto)
[11:12:11 p. m.] Akirento: 75 equipos · piloto 8 · auditoria 4/4 = 100.0 % -> APROBADO
[11:12:11 p. m.] AFB Equipos: captura (auto)
[11:12:27 p. m.] AFB Equipos: 0 equipos · piloto 0 · auditoria 0/0 = 100.0 % -> APROBADO
[11:12:27 p. m.] Andamio Certificado (GCM): captura (auto)
[11:12:42 p. m.] Andamio Certificado (GCM): 0 equipos · piloto 0 · auditoria 0/0 = 100.0 % -> APROBADO
[11:12:42 p. m.] Distriandamios: captura (auto)
[11:12:46 p. m.] Distriandamios: 20 equipos · piloto 2 · auditoria 3/3 = 100.0 % -> APROBADO
[11:12:46 p. m.] AFEC: captura (auto)
[11:13:15 p. m.] AFEC: 0 equipos · piloto 0 · auditoria 0/0 = 100.0 % -> APROBADO
[11:13:15 p. m.] García Vega: captura (auto)
[11:13:22 p. m.] García Vega: 55 equipos · piloto 6 · auditoria 3/3 = 100.0 % -> APROBADO
[11:13:23 p. m.] Conalquipo: captura (auto)
[11:14:47 p. m.] Conalquipo: 0 equipos · piloto 0 · auditoria 0/0 = 100.0 % -> APROBADO
[11:14:48 p. m.] Equinorte: captura (auto)
[11:15:02 p. m.] Equinorte: 96 equipos · piloto 10 · auditoria 5/5 = 100.0 % -> APROBADO
[11:15:03 p. m.] Piraján Andamios y Formaletas: captura (auto)
[11:15:13 p. m.] Piraján Andamios y Formaletas: 0 equipos · piloto 0 · auditoria 0/0 = 100.0 % -> APROBADO
[11:15:13 p. m.] Formavillas: captura (auto)
[11:15:29 p. m.] Formavillas: 0 equipos · piloto 0 · auditoria 0/0 = 100.0 % -> APROBADO
[11:15:30 p. m.] Gaviequipos: captura (auto)
[11:15:38 p. m.] Gaviequipos: 1 equipos · piloto 1 · auditoria 1/1 = 100.0 % -> APROBADO
[11:15:38 p. m.] Andamios Colora: captura (auto)
[11:15:52 p. m.] Andamios Colora: 0 equipos · piloto 0 · auditoria 0/0 = 100.0 % -> APROBADO
[11:15:52 p. m.] Ranas y Canguros: captura (auto)
[11:16:04 p. m.] Ranas y Canguros: 47 equipos · piloto 5 · auditoria 3/3 = 100.0 % -> APROBADO
[11:16:04 p. m.] Maquiequipos Rionegro: captura (auto)
[11:16:25 p. m.] Maquiequipos Rionegro: 0 equipos · piloto 0 · auditoria 0/0 = 100.0 % -> APROBADO
[11:16:25 p. m.] Beca Andamios: captura (auto)
[11:16:30 p. m.] Beca Andamios: 9 equipos · piloto 1 · auditoria 3/3 = 100.0 % -> APROBADO
[11:16:30 p. m.] excel: pages\ESTADISTICAS\Alquiler de herramientas\alquiler_herramientas.xlsx
[11:16:30 p. m.] fin: 30 empresas, 760 equipos (348 con precio) -> assets/datos/alquiler.js
[ALQUILER TERMINADO]
