[12:28:11 a. m.] inicio: Easy
[12:28:11 a. m.] Easy: piloto 10 % (vtex, semilla 20260927)
[12:28:13 a. m.] Easy: 45 productos
[12:28:14 a. m.] Easy: 95 productos
[12:28:16 a. m.] Easy: 145 productos
[12:28:17 a. m.] Easy: 195 productos
[12:28:18 a. m.] Easy: 245 productos
[12:28:19 a. m.] Easy: 295 productos
[12:28:22 a. m.] Easy: 345 productos
[12:28:22 a. m.] Easy: 363 productos
[12:28:23 a. m.] Easy: 413 productos
[12:28:24 a. m.] Easy: 428 productos
[12:28:25 a. m.] Easy: 478 productos
[12:28:26 a. m.] Easy: 487 productos
[12:28:29 a. m.] Easy: 527 productos
[12:28:29 a. m.] Easy: 530 productos
[12:28:30 a. m.] Easy: 530 productos
[12:28:31 a. m.] Easy: 572 productos
[12:28:32 a. m.] Easy: 593 productos
[12:28:33 a. m.] Easy: 622 productos
[12:28:36 a. m.] Easy: 662 productos
[12:28:37 a. m.] Easy: 712 productos
[12:28:37 a. m.] Easy: 721 productos
[12:28:38 a. m.] Easy: 740 productos
[12:28:40 a. m.] Easy: 790 productos
[12:28:41 a. m.] Easy: 799 productos
[12:28:42 a. m.] Easy: 849 productos
[12:28:43 a. m.] Easy: 899 productos
[12:28:43 a. m.] Easy: 919 productos
[12:28:44 a. m.] Easy: 925 productos
[12:28:45 a. m.] Easy: 928 productos
[12:28:46 a. m.] Easy: 939 productos
[12:28:48 a. m.] Easy: 972 productos
[12:28:48 a. m.] Easy: 1001 productos
[12:28:49 a. m.] Easy: 1001 productos
[12:28:51 a. m.] Easy: 1051 productos
[12:28:52 a. m.] Easy: 1101 productos
[12:28:53 a. m.] Easy: 1151 productos
[12:28:54 a. m.] Easy: 1164 productos
[12:28:55 a. m.] Easy: 1212 productos
[12:28:56 a. m.] Easy: 1262 productos
[12:28:58 a. m.] Easy: 1312 productos
[12:28:58 a. m.] Easy: 1347 productos
[12:28:59 a. m.] Easy: 1357 productos
[12:29:00 a. m.] Easy: 1377 productos
[12:29:01 a. m.] Easy: 1380 productos
[12:29:02 a. m.] Easy: 1405 productos
[12:29:03 a. m.] Easy: 1408 productos
[12:29:04 a. m.] Easy: 1412 productos
[12:29:05 a. m.] Easy: 1452 productos
[12:29:06 a. m.] Easy: 1502 productos
[12:29:08 a. m.] Easy: 1552 productos
[12:29:09 a. m.] Easy: 1602 productos
[12:29:10 a. m.] Easy: 1652 productos
[12:29:11 a. m.] Easy: 1702 productos
[12:29:13 a. m.] Easy: 1752 productos
[12:29:13 a. m.] Easy: 1802 productos
[12:29:14 a. m.] Easy: 1836 productos
[12:29:15 a. m.] Easy: 1844 productos
[12:29:17 a. m.] Easy: 1894 productos
[12:29:17 a. m.] Easy: 1944 productos
[12:29:18 a. m.] Easy: 1945 productos
[12:29:19 a. m.] Easy: 1994 productos
[12:29:20 a. m.] Easy: 1995 productos
[12:29:22 a. m.] Easy: 2008 productos
[12:29:22 a. m.] Easy: 2024 productos
[12:29:23 a. m.] Easy: 2036 productos
[12:29:24 a. m.] Easy: 2086 productos
[12:29:25 a. m.] Easy: 2136 productos
[12:29:26 a. m.] Easy: 2162 productos
[12:29:29 a. m.] Easy: 2212 productos
[12:29:30 a. m.] Easy: 2262 productos
[12:29:31 a. m.] Easy: 2312 productos
[12:29:32 a. m.] Easy: 2362 productos
[12:29:32 a. m.] Easy: 2376 productos
[12:29:34 a. m.] Easy: 2426 productos
[12:29:35 a. m.] Easy: 2476 productos
[12:29:36 a. m.] Easy: 2526 productos
[12:29:37 a. m.] Easy: 2576 productos
[12:29:38 a. m.] Easy: 2626 productos
[12:29:39 a. m.] Easy: 2676 productos
[12:29:40 a. m.] Easy: 2699 productos
[12:29:40 a. m.] Easy: 2705 productos
[12:29:42 a. m.] Easy: 2755 productos
[12:29:43 a. m.] Easy: 2760 productos
[12:29:44 a. m.] Easy: 2792 productos
[12:29:45 a. m.] Easy: 2842 productos
[12:29:47 a. m.] Easy: 2892 productos
[12:29:47 a. m.] Easy: 2908 productos
[12:29:49 a. m.] Easy: 2958 productos
[12:29:49 a. m.] Easy: 2972 productos
[12:29:50 a. m.] Easy: 3022 productos
[12:29:51 a. m.] Easy: 3057 productos
[12:29:52 a. m.] Easy: 3107 productos
[12:29:54 a. m.] Easy: 3157 productos
[12:29:55 a. m.] Easy: 3207 productos
[12:29:55 a. m.] Easy: 3215 productos
[12:29:57 a. m.] Easy: 3231 productos
[12:29:58 a. m.] Easy: 3257 productos
[12:29:59 a. m.] Easy: 3307 productos
[12:30:00 a. m.] Easy: 3357 productos
[12:30:01 a. m.] Easy: 3407 productos
[12:30:02 a. m.] Easy: 3457 productos
[12:30:03 a. m.] Easy: 3507 productos
[12:30:04 a. m.] Easy: 3522 productos
[12:30:05 a. m.] Easy: 3562 productos
[12:30:06 a. m.] Easy: 3612 productos
[12:30:07 a. m.] Easy: 3614 productos
[12:30:08 a. m.] Easy: 3654 productos
[12:30:10 a. m.] Easy: 3667 productos
[12:30:11 a. m.] Easy: 3711 productos
[12:30:12 a. m.] Easy: 3718 productos
[12:30:13 a. m.] Easy: 3733 productos
[12:30:14 a. m.] Easy: 3770 productos
[12:30:15 a. m.] Easy: 3820 productos
[12:30:16 a. m.] Easy: 3856 productos
[12:30:18 a. m.] Easy: 3906 productos
[12:30:20 a. m.] Easy: 3918 productos
[12:30:20 a. m.] Easy: 3932 productos
[12:30:20 a. m.] Easy: piloto: 3932 productos; auditoria de 1668 fichas
[1:20:29 a. m.] Easy: auditoria 1614/1668 = 96.8 % -> APROBADO
[1:20:31 a. m.] Easy: 50 productos
[1:20:32 a. m.] Easy: 100 productos
[1:20:33 a. m.] Easy: 150 productos
[1:20:34 a. m.] Easy: 200 productos
[1:20:35 a. m.] Easy: 218 productos
[1:20:36 a. m.] Easy: 268 productos
[1:20:38 a. m.] Easy: 300 productos
[1:20:39 a. m.] Easy: 338 productos
[1:20:40 a. m.] Easy: 380 productos
[1:20:41 a. m.] Easy: 430 productos
[1:20:42 a. m.] Easy: 479 productos
[1:20:44 a. m.] Easy: 523 productos
[1:20:45 a. m.] Easy: 573 productos
[1:20:47 a. m.] Easy: 623 productos
[1:20:49 a. m.] Easy: 658 productos
[1:20:52 a. m.] Easy: 708 productos
[1:20:52 a. m.] Easy: 718 productos
[1:20:53 a. m.] Easy: 768 productos
[1:20:54 a. m.] Easy: 796 productos
[1:20:55 a. m.] Easy: 846 productos
[1:20:56 a. m.] Easy: 896 productos
[1:20:58 a. m.] Easy: 946 productos
[1:21:00 a. m.] Easy: 957 productos
[1:21:00 a. m.] Easy: 965 productos
[1:21:01 a. m.] Easy: 1014 productos
[1:21:02 a. m.] Easy: 1064 productos
[1:21:03 a. m.] Easy: 1114 productos
[1:21:04 a. m.] Easy: 1123 productos
[1:21:06 a. m.] Easy: 1173 productos
[1:21:08 a. m.] Easy: 1223 productos
[1:21:08 a. m.] Easy: 1273 productos
[1:21:10 a. m.] Easy: 1323 productos
[1:21:12 a. m.] Easy: 1373 productos
[1:21:12 a. m.] Easy: 1391 productos
[1:21:13 a. m.] Easy: 1441 productos
[1:21:15 a. m.] Easy: 1491 productos
[1:21:15 a. m.] Easy: 1541 productos
[1:21:16 a. m.] Easy: 1549 productos
[1:21:18 a. m.] Easy: 1599 productos
[1:21:18 a. m.] Easy: 1605 productos
[1:21:20 a. m.] Easy: 1655 productos
[1:21:21 a. m.] Easy: 1705 productos
[1:21:21 a. m.] Easy: 1710 productos
[1:21:22 a. m.] Easy: 1760 productos
[1:21:23 a. m.] Easy: 1781 productos
[1:21:24 a. m.] Easy: 1831 productos
[1:21:25 a. m.] Easy: 1881 productos
[1:21:27 a. m.] Easy: 1931 productos
[1:21:27 a. m.] Easy: 1933 productos
[1:21:29 a. m.] Easy: 1983 productos
[1:21:29 a. m.] Easy: 2029 productos
[1:21:31 a. m.] Easy: 2079 productos
[1:21:32 a. m.] Easy: 2129 productos
[1:21:33 a. m.] Easy: 2150 productos
[1:21:34 a. m.] Easy: 2189 productos
[1:21:36 a. m.] Easy: 2239 productos
[1:21:36 a. m.] Easy: 2279 productos
[1:21:38 a. m.] Easy: 2305 productos
[1:21:38 a. m.] Easy: 2309 productos
[1:21:40 a. m.] Easy: 2359 productos
[1:21:40 a. m.] Easy: 2368 productos
[1:21:42 a. m.] Easy: 2384 productos
[1:21:43 a. m.] Easy: 2434 productos
[1:21:44 a. m.] Easy: 2449 productos
[1:21:45 a. m.] Easy: 2499 productos
[1:21:50 a. m.] Easy: 2523 productos
[1:21:51 a. m.] Easy: 2573 productos
[1:21:52 a. m.] Easy: 2623 productos
[1:21:54 a. m.] Easy: 2639 productos
[1:21:54 a. m.] Easy: 2689 productos
[1:21:55 a. m.] Easy: 2739 productos
[1:21:56 a. m.] Easy: 2774 productos
[1:21:57 a. m.] Easy: 2818 productos
[1:21:58 a. m.] Easy: 2868 productos
[1:21:59 a. m.] Easy: 2901 productos
[1:22:00 a. m.] Easy: 2903 productos
[1:22:01 a. m.] Easy: 2927 productos
[1:22:03 a. m.] Easy: 2977 productos
[1:22:03 a. m.] Easy: 2998 productos
[1:22:05 a. m.] Easy: 3048 productos
[1:22:06 a. m.] Easy: 3098 productos
[1:22:07 a. m.] Easy: 3115 productos
[1:22:08 a. m.] Easy: 3147 productos
[1:22:09 a. m.] Easy: 3180 productos
[1:22:10 a. m.] Easy: 3186 productos
[1:22:12 a. m.] Easy: 3217 productos
[1:22:12 a. m.] Easy: 3233 productos
[1:22:13 a. m.] Easy: 3244 productos
[1:22:14 a. m.] Easy: 3294 productos
[1:22:15 a. m.] Easy: 3344 productos
[1:22:16 a. m.] Easy: 3394 productos
[1:22:18 a. m.] Easy: 3444 productos
[1:22:19 a. m.] Easy: 3494 productos
[1:22:20 a. m.] Easy: 3544 productos
[1:22:22 a. m.] Easy: 3581 productos
[1:22:22 a. m.] Easy: 3631 productos
[1:22:23 a. m.] Easy: 3681 productos
[1:22:24 a. m.] Easy: 3687 productos
[1:22:27 a. m.] Easy: 3737 productos
[1:22:27 a. m.] Easy: 3787 productos
[1:22:28 a. m.] Easy: 3837 productos
[1:22:29 a. m.] Easy: 3887 productos
[1:22:30 a. m.] Easy: 3937 productos
[1:22:31 a. m.] Easy: 3987 productos
[1:22:32 a. m.] Easy: 4010 productos
[1:22:33 a. m.] Easy: 4047 productos
[1:22:34 a. m.] Easy: 4066 productos
[1:22:35 a. m.] Easy: 4074 productos
[1:22:37 a. m.] Easy: 4124 productos
[1:22:37 a. m.] Easy: 4174 productos
[1:22:38 a. m.] Easy: 4194 productos
[1:22:40 a. m.] Easy: 4244 productos
[1:22:42 a. m.] Easy: 4294 productos
[1:22:43 a. m.] Easy: 4344 productos
[1:22:45 a. m.] Easy: 4394 productos
[1:22:45 a. m.] Easy: 4444 productos
[1:22:46 a. m.] Easy: 4451 productos
[1:22:48 a. m.] Easy: 4501 productos
[1:22:48 a. m.] Easy: 4536 productos
[1:22:49 a. m.] Easy: 4539 productos
[1:22:50 a. m.] Easy: 4589 productos
[1:22:51 a. m.] Easy: 4639 productos
[1:22:53 a. m.] Easy: 4689 productos
[1:22:53 a. m.] Easy: 4711 productos
[1:22:55 a. m.] Easy: 4761 productos
[1:22:55 a. m.] Easy: 4811 productos
[1:22:56 a. m.] Easy: 4847 productos
[1:22:58 a. m.] Easy: 4888 productos
[1:22:58 a. m.] Easy: 4897 productos
[1:22:59 a. m.] Easy: 4902 productos
[1:23:00 a. m.] Easy: 4911 productos
[1:23:01 a. m.] Easy: 4912 productos
[1:23:15 a. m.] Easy: 4913 productos
[1:23:17 a. m.] Easy: 4914 productos
[1:23:26 a. m.] Easy: 4919 productos
[1:23:28 a. m.] Easy: 4920 productos
[1:23:37 a. m.] Easy: 4921 productos
[1:23:38 a. m.] Easy: 4923 productos
[1:23:39 a. m.] Easy: 4926 productos
[1:23:40 a. m.] Easy: 4976 productos
[1:23:42 a. m.] Easy: 4999 productos
[1:23:42 a. m.] Easy: 5015 productos
[1:23:43 a. m.] Easy: 5025 productos
[1:23:45 a. m.] Easy: 5075 productos
[1:23:45 a. m.] Easy: 5088 productos
[1:23:46 a. m.] Easy: 5138 productos
[1:23:47 a. m.] Easy: 5188 productos
[1:23:49 a. m.] Easy: 5238 productos
[1:23:50 a. m.] Easy: 5288 productos
[1:23:51 a. m.] Easy: 5319 productos
[1:23:53 a. m.] Easy: 5368 productos
[1:23:53 a. m.] Easy: 5394 productos
[1:23:54 a. m.] Easy: 5443 productos
[1:23:55 a. m.] Easy: 5491 productos
[1:23:57 a. m.] Easy: 5538 productos
[1:23:58 a. m.] Easy: 5573 productos
[1:23:58 a. m.] Easy: 5584 productos
[1:24:00 a. m.] Easy: 5634 productos
[1:24:00 a. m.] Easy: 5684 productos
[1:24:02 a. m.] Easy: 5707 productos
[1:24:03 a. m.] Easy: 5723 productos
[1:24:04 a. m.] Easy: 5751 productos
[1:24:04 a. m.] Easy: 5787 productos
[1:24:05 a. m.] Easy: 5795 productos
[1:24:07 a. m.] Easy: 5831 productos
[1:24:07 a. m.] Easy: 5842 productos
[1:24:09 a. m.] Easy: 5862 productos
[1:24:10 a. m.] Easy: 5912 productos
[1:24:10 a. m.] Easy: 5950 productos
[1:24:12 a. m.] Easy: 5973 productos
[1:24:12 a. m.] Easy: 6021 productos
[1:24:14 a. m.] Easy: 6033 productos
[1:24:16 a. m.] Easy: 6068 productos
[1:24:16 a. m.] Easy: 6112 productos
[1:24:18 a. m.] Easy: 6162 productos
[1:24:18 a. m.] Easy: 6165 productos
[1:24:19 a. m.] Easy: 6179 productos
[1:24:20 a. m.] Easy: 6204 productos
[1:24:21 a. m.] Easy: 6218 productos
[1:24:23 a. m.] Easy: 6268 productos
[1:24:23 a. m.] Easy: 6275 productos
[1:24:26 a. m.] Easy: 6325 productos
[1:24:27 a. m.] Easy: 6375 productos
[1:24:27 a. m.] Easy: 6425 productos
[1:24:28 a. m.] Easy: 6475 productos
[1:24:29 a. m.] Easy: 6489 productos
[1:24:30 a. m.] Easy: 6513 productos
[1:24:32 a. m.] Easy: 6534 productos
[1:24:32 a. m.] Easy: 6556 productos
[1:24:34 a. m.] Easy: 6606 productos
[1:24:35 a. m.] Easy: 6656 productos
[1:24:36 a. m.] Easy: 6672 productos
[1:24:36 a. m.] Easy: 6696 productos
[1:24:38 a. m.] Easy: 6746 productos
[1:24:40 a. m.] Easy: 6796 productos
[1:24:40 a. m.] Easy: 6846 productos
[1:24:41 a. m.] Easy: 6896 productos
[1:24:43 a. m.] Easy: 6946 productos
[1:24:44 a. m.] Easy: 6996 productos
[1:24:45 a. m.] Easy: 7037 productos
[1:24:48 a. m.] Easy: 7060 productos
[1:24:48 a. m.] Easy: 7090 productos
[1:24:49 a. m.] Easy: 7096 productos
[1:24:50 a. m.] Easy: 7127 productos
[1:24:51 a. m.] Easy: 7177 productos
[1:24:52 a. m.] Easy: 7209 productos
[1:24:53 a. m.] Easy: 7216 productos
[1:24:54 a. m.] Easy: 7219 productos
[1:24:55 a. m.] Easy: 7221 productos
[1:24:56 a. m.] Easy: 7239 productos
[1:24:57 a. m.] Easy: 7240 productos
[1:25:00 a. m.] Easy: 7265 productos
[1:25:03 a. m.] Easy: 7301 productos
[1:25:04 a. m.] Easy: 7312 productos
[1:25:05 a. m.] Easy: 7325 productos
[1:25:07 a. m.] Easy: 7328 productos
[1:25:08 a. m.] Easy: 7367 productos
[1:25:09 a. m.] Easy: 7369 productos
[1:25:10 a. m.] Easy: 7376 productos
[1:25:11 a. m.] Easy: 7397 productos
[1:25:12 a. m.] Easy: 7417 productos
[1:25:13 a. m.] Easy: 7418 productos
[1:25:14 a. m.] Easy: 7428 productos
[1:25:15 a. m.] Easy: 7456 productos
[1:25:16 a. m.] Easy: 7461 productos
[1:25:17 a. m.] Easy: 7511 productos
[1:25:18 a. m.] Easy: 7516 productos
[1:25:20 a. m.] Easy: 7533 productos
[1:25:20 a. m.] Easy: 7582 productos
[1:25:22 a. m.] Easy: 7605 productos
[1:25:23 a. m.] Easy: 7638 productos
[1:25:24 a. m.] Easy: 7655 productos
[1:25:26 a. m.] Easy: 7705 productos
[1:25:26 a. m.] Easy: 7712 productos
[1:25:27 a. m.] Easy: 7741 productos
[1:25:28 a. m.] Easy: 7746 productos
[1:25:29 a. m.] Easy: 7796 productos
[1:25:30 a. m.] Easy: 7811 productos
[1:25:31 a. m.] Easy: 7861 productos
[1:25:32 a. m.] Easy: 7911 productos
[1:25:33 a. m.] Easy: 7935 productos
[1:25:34 a. m.] Easy: 7965 productos
[1:25:38 a. m.] Easy: 7990 productos
[1:25:38 a. m.] Easy: 8009 productos
[1:25:39 a. m.] Easy: 8022 productos
[1:25:41 a. m.] Easy: 8060 productos
[1:25:41 a. m.] Easy: 8110 productos
[1:25:42 a. m.] Easy: 8112 productos
[1:25:44 a. m.] Easy: 8133 productos
[1:25:44 a. m.] Easy: 8183 productos
[1:25:45 a. m.] Easy: 8184 productos
[1:25:47 a. m.] Easy: 8219 productos
[1:25:48 a. m.] Easy: 8269 productos
[1:25:48 a. m.] Easy: 8284 productos
[1:25:50 a. m.] Easy: 8316 productos
[1:25:51 a. m.] Easy: 8366 productos
[1:25:52 a. m.] Easy: 8416 productos
[1:25:53 a. m.] Easy: 8466 productos
[1:25:54 a. m.] Easy: 8516 productos
[1:25:55 a. m.] Easy: 8566 productos
[1:25:56 a. m.] Easy: 8616 productos
[1:25:57 a. m.] Easy: 8666 productos
[1:25:58 a. m.] Easy: 8716 productos
[1:25:59 a. m.] Easy: 8766 productos
[1:26:00 a. m.] Easy: 8816 productos
[1:26:02 a. m.] Easy: 8866 productos
[1:26:02 a. m.] Easy: 8916 productos
[1:26:07 a. m.] Easy: 8916 productos
[1:26:08 a. m.] Easy: 8944 productos
[1:26:10 a. m.] Easy: 8958 productos
[1:26:10 a. m.] Easy: 8963 productos
[1:26:11 a. m.] Easy: 8967 productos
[1:26:12 a. m.] Easy: 8999 productos
[1:26:14 a. m.] Easy: 9048 productos
[1:26:15 a. m.] Easy: 9098 productos
[1:26:17 a. m.] Easy: 9148 productos
[1:26:17 a. m.] Easy: 9152 productos
[1:26:19 a. m.] Easy: 9182 productos
[1:26:19 a. m.] Easy: 9207 productos
[1:26:21 a. m.] Easy: 9251 productos
[1:26:24 a. m.] Easy: 9301 productos
[1:26:24 a. m.] Easy: 9343 productos
[1:26:25 a. m.] Easy: 9393 productos
[1:26:26 a. m.] Easy: 9443 productos
[1:26:27 a. m.] Easy: 9456 productos
[1:26:28 a. m.] Easy: 9506 productos
[1:26:29 a. m.] Easy: 9508 productos
[1:26:30 a. m.] Easy: 9536 productos
[1:26:31 a. m.] Easy: 9569 productos
[1:26:32 a. m.] Easy: 9612 productos
[1:26:33 a. m.] Easy: 9640 productos
[1:26:34 a. m.] Easy: 9673 productos
[1:26:35 a. m.] Easy: 9704 productos
[1:26:37 a. m.] Easy: 9754 productos
[1:26:37 a. m.] Easy: 9804 productos
[1:26:40 a. m.] Easy: 9854 productos
[1:26:44 a. m.] Easy: 9886 productos
[1:26:45 a. m.] Easy: 9936 productos
[1:26:46 a. m.] Easy: 9941 productos
[1:26:47 a. m.] Easy: 9958 productos
[1:26:48 a. m.] Easy: 10008 productos
[1:26:49 a. m.] Easy: 10029 productos
[1:26:50 a. m.] Easy: 10066 productos
[1:26:52 a. m.] Easy: 10116 productos
[1:26:52 a. m.] Easy: 10166 productos
[1:26:54 a. m.] Easy: 10216 productos
[1:26:54 a. m.] Easy: 10266 productos
[1:26:55 a. m.] Easy: 10294 productos
[1:26:56 a. m.] Easy: 10311 productos
[1:26:57 a. m.] Easy: 10321 productos
[1:26:58 a. m.] Easy: 10371 productos
[1:26:59 a. m.] Easy: 10384 productos
[1:27:00 a. m.] Easy: 10390 productos
[1:27:01 a. m.] Easy: 10394 productos
[1:27:02 a. m.] Easy: 10423 productos
[1:27:03 a. m.] Easy: 10473 productos
[1:27:04 a. m.] Easy: 10523 productos
[1:27:06 a. m.] Easy: 10573 productos
[1:27:07 a. m.] Easy: 10623 productos
[1:27:07 a. m.] Easy: 10673 productos
[1:27:08 a. m.] Easy: 10689 productos
[1:27:10 a. m.] Easy: 10739 productos
[1:27:11 a. m.] Easy: 10789 productos
[1:27:11 a. m.] Easy: 10839 productos
[1:27:12 a. m.] Easy: 10889 productos
[1:27:14 a. m.] Easy: 10939 productos
[1:27:16 a. m.] Easy: 10989 productos
[1:27:16 a. m.] Easy: 11039 productos
[1:27:19 a. m.] Easy: 11067 productos
[1:27:19 a. m.] Easy: 11117 productos
[1:27:20 a. m.] Easy: 11167 productos
[1:27:21 a. m.] Easy: 11217 productos
[1:27:22 a. m.] Easy: 11267 productos
[1:27:23 a. m.] Easy: 11317 productos
[1:27:24 a. m.] Easy: 11367 productos
[1:27:25 a. m.] Easy: 11417 productos
[1:27:26 a. m.] Easy: 11453 productos
[1:27:27 a. m.] Easy: 11503 productos
[1:27:28 a. m.] Easy: 11527 productos
[1:27:29 a. m.] Easy: 11575 productos
[1:27:30 a. m.] Easy: 11625 productos
[1:27:31 a. m.] Easy: 11675 productos
[1:27:32 a. m.] Easy: 11725 productos
[1:27:33 a. m.] Easy: 11775 productos
[1:27:34 a. m.] Easy: 11825 productos
[1:27:35 a. m.] Easy: 11875 productos
[1:27:36 a. m.] Easy: 11925 productos
[1:27:37 a. m.] Easy: 11926 productos
[1:27:39 a. m.] Easy: 11976 productos
[1:27:44 a. m.] Easy: 12026 productos
[1:27:44 a. m.] Easy: 12064 productos
[1:27:45 a. m.] Easy: 12073 productos
[1:27:47 a. m.] Easy: 12123 productos
[1:27:48 a. m.] Easy: 12173 productos
[1:27:49 a. m.] Easy: 12223 productos
[1:27:50 a. m.] Easy: 12273 productos
[1:27:51 a. m.] Easy: 12323 productos
[1:27:53 a. m.] Easy: 12373 productos
[1:27:54 a. m.] Easy: 12423 productos
[1:27:54 a. m.] Easy: 12457 productos
[1:27:55 a. m.] Easy: 12507 productos
[1:27:56 a. m.] Easy: 12557 productos
[1:27:57 a. m.] Easy: 12562 productos
[1:27:58 a. m.] Easy: 12612 productos
[1:27:59 a. m.] Easy: 12620 productos
[1:28:00 a. m.] Easy: 12670 productos
[1:28:02 a. m.] Easy: 12720 productos
[1:28:03 a. m.] Easy: 12770 productos
[1:28:03 a. m.] Easy: 12814 productos
[1:28:04 a. m.] Easy: 12864 productos
[1:28:07 a. m.] Easy: 12889 productos
[1:28:07 a. m.] Easy: 12918 productos
[1:28:09 a. m.] Easy: 12968 productos
[1:28:10 a. m.] Easy: 13018 productos
[1:28:13 a. m.] Easy: 13068 productos
[1:28:13 a. m.] Easy: 13077 productos
[1:28:14 a. m.] Easy: 13125 productos
[1:28:18 a. m.] Easy: 13175 productos
[1:28:18 a. m.] Easy: 13210 productos
[1:28:19 a. m.] Easy: 13236 productos
[1:28:20 a. m.] Easy: 13249 productos
[1:28:21 a. m.] Easy: 13260 productos
[1:28:22 a. m.] Easy: 13277 productos
[1:28:23 a. m.] Easy: 13327 productos
[1:28:26 a. m.] Easy: 13369 productos
[1:28:26 a. m.] Easy: 13419 productos
[1:28:27 a. m.] Easy: 13469 productos
[1:28:28 a. m.] Easy: 13519 productos
[1:28:29 a. m.] Easy: 13569 productos
[1:28:32 a. m.] Easy: 13619 productos
[1:28:33 a. m.] Easy: 13669 productos
[1:28:36 a. m.] Easy: 13709 productos
[1:28:36 a. m.] Easy: 13726 productos
[1:28:38 a. m.] Easy: 13760 productos
[1:28:38 a. m.] Easy: 13810 productos
[1:28:41 a. m.] Easy: 13844 productos
[1:28:43 a. m.] Easy: 13894 productos
[1:28:43 a. m.] Easy: 13911 productos
[1:28:44 a. m.] Easy: 13961 productos
[1:28:45 a. m.] Easy: 13970 productos
[1:28:46 a. m.] Easy: 13993 productos
[1:28:47 a. m.] Easy: 14043 productos
[1:28:48 a. m.] Easy: 14049 productos
[1:28:49 a. m.] Easy: 14099 productos
[1:28:51 a. m.] Easy: 14145 productos
[1:28:51 a. m.] Easy: 14195 productos
[1:28:52 a. m.] Easy: 14211 productos
[1:28:53 a. m.] Easy: 14212 productos
[1:28:55 a. m.] Easy: 14241 productos
[1:28:55 a. m.] Easy: 14257 productos
[1:28:56 a. m.] Easy: 14286 productos
[1:28:57 a. m.] Easy: 14289 productos
[1:28:58 a. m.] Easy: 14339 productos
[1:28:59 a. m.] Easy: 14358 productos
[1:29:00 a. m.] Easy: 14390 productos
[1:29:01 a. m.] Easy: 14433 productos
[1:29:02 a. m.] Easy: 14449 productos
[1:29:03 a. m.] Easy: 14452 productos
[1:29:04 a. m.] Easy: 14455 productos
[1:29:05 a. m.] Easy: 14455 productos
[1:29:07 a. m.] Easy: 14455 productos
[1:29:07 a. m.] Easy: 14456 productos
[1:29:08 a. m.] Easy: 14498 productos
[1:29:09 a. m.] Easy: 14500 productos
[1:29:10 a. m.] Easy: 14506 productos
[1:29:11 a. m.] Easy: 14506 productos
[1:29:12 a. m.] Easy: 14506 productos
[1:29:13 a. m.] Easy: 14508 productos
[1:29:14 a. m.] Easy: 14538 productos
[1:29:15 a. m.] Easy: 14557 productos
[1:29:16 a. m.] Easy: 14572 productos
[1:29:17 a. m.] Easy: 14616 productos
[1:29:18 a. m.] Easy: 14633 productos
[1:29:24 a. m.] Easy: 14683 productos
[1:29:25 a. m.] Easy: 14733 productos
[1:29:26 a. m.] Easy: 14783 productos
[1:29:27 a. m.] Easy: 14833 productos
[1:29:28 a. m.] Easy: 14883 productos
[1:29:29 a. m.] Easy: 14894 productos
[1:29:32 a. m.] Easy: 14944 productos
[1:29:32 a. m.] Easy: 14994 productos
[1:29:33 a. m.] Easy: 15032 productos
[1:29:34 a. m.] Easy: 15082 productos
[1:29:35 a. m.] Easy: 15132 productos
[1:29:36 a. m.] Easy: 15182 productos
[1:29:37 a. m.] Easy: 15205 productos
[1:29:38 a. m.] Easy: 15248 productos
[1:29:39 a. m.] Easy: 15298 productos
[1:29:40 a. m.] Easy: 15320 productos
[1:29:41 a. m.] Easy: 15334 productos
[1:29:42 a. m.] Easy: 15384 productos
[1:29:43 a. m.] Easy: 15434 productos
[1:29:44 a. m.] Easy: 15450 productos
[1:29:46 a. m.] Easy: 15500 productos
[1:29:47 a. m.] Easy: 15550 productos
[1:29:47 a. m.] Easy: 15578 productos
[1:29:48 a. m.] Easy: 15586 productos
[1:29:49 a. m.] Easy: 15605 productos
[1:29:51 a. m.] Easy: 15655 productos
[1:29:51 a. m.] Easy: 15660 productos
[1:29:53 a. m.] Easy: 15710 productos
[1:29:53 a. m.] Easy: 15716 productos
[1:29:55 a. m.] Easy: 15745 productos
[1:29:56 a. m.] Easy: 15761 productos
[1:29:57 a. m.] Easy: 15775 productos
[1:29:57 a. m.] Easy: 15779 productos
[1:29:59 a. m.] Easy: 15829 productos
[1:30:00 a. m.] Easy: 15837 productos
[1:30:01 a. m.] Easy: 15875 productos
[1:30:01 a. m.] Easy: 15881 productos
[1:30:03 a. m.] Easy: 15914 productos
[1:30:04 a. m.] Easy: 15955 productos
[1:30:04 a. m.] Easy: 15958 productos
[1:30:06 a. m.] Easy: 15968 productos
[1:30:07 a. m.] Easy: 15986 productos
[1:30:08 a. m.] Easy: 16036 productos
[1:30:09 a. m.] Easy: 16086 productos
[1:30:10 a. m.] Easy: 16096 productos
[1:30:11 a. m.] Easy: 16101 productos
[1:30:12 a. m.] Easy: 16143 productos
[1:30:13 a. m.] Easy: 16149 productos
[1:30:14 a. m.] Easy: 16150 productos
[1:30:15 a. m.] Easy: 16167 productos
[1:30:16 a. m.] Easy: 16200 productos
[1:30:18 a. m.] Easy: 16214 productos
[1:30:19 a. m.] Easy: 16218 productos
[1:30:20 a. m.] Easy: 16224 productos
[1:30:21 a. m.] Easy: 16232 productos
[1:30:22 a. m.] Easy: 16271 productos
[1:30:23 a. m.] Easy: 16287 productos
[1:30:24 a. m.] Easy: 16337 productos
[1:30:26 a. m.] Easy: 16387 productos
[1:30:26 a. m.] Easy: 16437 productos
[1:30:28 a. m.] Easy: 16487 productos
[1:30:28 a. m.] Easy: 16510 productos
[1:30:29 a. m.] Easy: 16513 productos
[1:30:31 a. m.] Easy: 16535 productos
[1:30:31 a. m.] Easy: 16555 productos
[1:30:32 a. m.] Easy: 16595 productos
[1:30:33 a. m.] Easy: 16613 productos
[1:30:35 a. m.] Easy: 16663 productos
[1:30:35 a. m.] Easy: 16670 productos
[1:30:36 a. m.] Easy: 16720 productos
[1:30:37 a. m.] Easy: 16727 productos
[1:30:38 a. m.] Easy: 16746 productos
[1:30:39 a. m.] Easy: 16786 productos
[1:30:40 a. m.] Easy: 16823 productos
[1:30:41 a. m.] Easy: 16846 productos
[1:30:42 a. m.] Easy: 16867 productos
[1:30:43 a. m.] Easy: 16917 productos
[1:30:45 a. m.] Easy: 16928 productos
[1:30:45 a. m.] Easy: 16964 productos
[1:30:46 a. m.] Easy: 17014 productos
[1:30:47 a. m.] Easy: 17064 productos
[1:30:48 a. m.] Easy: 17114 productos
[1:30:49 a. m.] Easy: 17164 productos
[1:30:50 a. m.] Easy: 17214 productos
[1:30:51 a. m.] Easy: 17238 productos
[1:30:53 a. m.] Easy: 17277 productos
[1:30:53 a. m.] Easy: 17317 productos
[1:30:54 a. m.] Easy: 17364 productos
[1:30:55 a. m.] Easy: 17414 productos
[1:30:56 a. m.] Easy: 17461 productos
[1:30:57 a. m.] Easy: 17462 productos
[1:30:59 a. m.] Easy: 17468 productos
[1:30:59 a. m.] Easy: 17473 productos
[1:31:00 a. m.] Easy: 17520 productos
[1:31:01 a. m.] Easy: 17530 productos
[1:31:02 a. m.] Easy: 17549 productos
[1:31:05 a. m.] Easy: 17599 productos
[1:31:05 a. m.] Easy: 17649 productos
[1:31:06 a. m.] Easy: 17699 productos
[1:31:07 a. m.] Easy: 17719 productos
[1:31:08 a. m.] Easy: 17769 productos
[1:31:09 a. m.] Easy: 17819 productos
[1:31:11 a. m.] Easy: 17843 productos
[1:31:11 a. m.] Easy: 17876 productos
[1:31:12 a. m.] Easy: 17917 productos
[1:31:17 a. m.] Easy: 17967 productos
[1:31:18 a. m.] Easy: 17992 productos
[1:31:21 a. m.] Easy: 18013 productos
[1:31:21 a. m.] Easy: 18063 productos
[1:31:22 a. m.] Easy: 18073 productos
[1:31:24 a. m.] Easy: 18086 productos
[1:31:24 a. m.] Easy: 18094 productos
[1:31:25 a. m.] Easy: 18105 productos
[1:31:26 a. m.] Easy: 18153 productos
[1:31:27 a. m.] Easy: 18167 productos
[1:31:29 a. m.] Easy: 18217 productos
[1:31:29 a. m.] Easy: 18240 productos
[1:31:31 a. m.] Easy: 18290 productos
[1:31:32 a. m.] Easy: 18340 productos
[1:31:33 a. m.] Easy: 18390 productos
[1:31:33 a. m.] Easy: 18407 productos
[1:31:34 a. m.] Easy: 18442 productos
[1:31:35 a. m.] Easy: 18455 productos
[1:31:36 a. m.] Easy: 18484 productos
[1:31:38 a. m.] Easy: 18530 productos
[1:31:39 a. m.] Easy: 18580 productos
[1:31:39 a. m.] Easy: 18617 productos
[1:31:41 a. m.] Easy: 18645 productos
[1:31:42 a. m.] Easy: 18685 productos
[1:31:43 a. m.] Easy: 18714 productos
[1:31:43 a. m.] Easy: 18724 productos
[1:31:46 a. m.] Easy: 18749 productos
[1:31:46 a. m.] Easy: 18798 productos
[1:31:47 a. m.] Easy: 18817 productos
[1:31:48 a. m.] Easy: 18847 productos
[1:31:50 a. m.] Easy: 18897 productos
[1:31:50 a. m.] Easy: 18947 productos
[1:31:52 a. m.] Easy: 18997 productos
[1:31:53 a. m.] Easy: 19047 productos
[1:31:54 a. m.] Easy: 19097 productos
[1:31:54 a. m.] Easy: 19146 productos
[1:31:55 a. m.] Easy: 19195 productos
[1:31:57 a. m.] Easy: 19245 productos
[1:31:58 a. m.] Easy: 19293 productos
[1:31:58 a. m.] Easy: 19307 productos
[1:32:00 a. m.] Easy: 19351 productos
[1:32:01 a. m.] Easy: 19400 productos
[1:32:01 a. m.] Easy: 19416 productos
[1:32:03 a. m.] Easy: 19436 productos
[1:32:04 a. m.] Easy: 19443 productos
[1:32:05 a. m.] Easy: 19459 productos
[1:32:06 a. m.] Easy: 19496 productos
[1:32:07 a. m.] Easy: 19507 productos
[1:32:09 a. m.] Easy: 19512 productos
[1:32:09 a. m.] Easy: 19541 productos
[1:32:10 a. m.] Easy: 19553 productos
[1:32:11 a. m.] Easy: 19559 productos
[1:32:12 a. m.] Easy: 19599 productos
[1:32:13 a. m.] Easy: 19610 productos
[1:32:14 a. m.] Easy: 19623 productos
[1:32:16 a. m.] Easy: 19667 productos
[1:32:17 a. m.] Easy: 19711 productos
[1:32:18 a. m.] Easy: 19717 productos
[1:32:19 a. m.] Easy: 19767 productos
[1:32:20 a. m.] Easy: 19817 productos
[1:32:21 a. m.] Easy: 19862 productos
[1:32:22 a. m.] Easy: 19912 productos
[1:32:23 a. m.] Easy: 19962 productos
[1:32:24 a. m.] Easy: 20012 productos
[1:32:26 a. m.] Easy: 20059 productos
[1:32:26 a. m.] Easy: 20079 productos
[1:32:27 a. m.] Easy: 20097 productos
[1:32:29 a. m.] Easy: 20146 productos
[1:32:30 a. m.] Easy: 20193 productos
[1:32:31 a. m.] Easy: 20227 productos
[1:32:31 a. m.] Easy: 20241 productos
[1:32:32 a. m.] Easy: 20291 productos
[1:32:33 a. m.] Easy: 20309 productos
[1:32:34 a. m.] Easy: 20359 productos
[1:32:35 a. m.] Easy: 20362 productos
[1:32:36 a. m.] Easy: 20402 productos
[1:32:38 a. m.] Easy: 20452 productos
[1:32:39 a. m.] Easy: 20484 productos
[1:32:40 a. m.] Easy: 20534 productos
[1:32:41 a. m.] Easy: 20556 productos
[1:32:42 a. m.] Easy: 20593 productos
[1:32:44 a. m.] Easy: 20643 productos
[1:32:45 a. m.] Easy: 20671 productos
[1:32:46 a. m.] Easy: 20721 productos
[1:32:47 a. m.] Easy: 20742 productos
[1:32:48 a. m.] Easy: 20792 productos
[1:32:49 a. m.] Easy: 20840 productos
[1:32:50 a. m.] Easy: 20876 productos
[1:32:51 a. m.] Easy: 20901 productos
[1:32:53 a. m.] Easy: 20951 productos
[1:32:53 a. m.] Easy: 20960 productos
[1:32:54 a. m.] Easy: 21009 productos
[1:32:55 a. m.] Easy: 21021 productos
[1:32:56 a. m.] Easy: 21032 productos
[1:32:58 a. m.] Easy: 21044 productos
[1:32:58 a. m.] Easy: 21094 productos
[1:32:59 a. m.] Easy: 21103 productos
[1:33:00 a. m.] Easy: 21106 productos
[1:33:01 a. m.] Easy: 21110 productos
[1:33:02 a. m.] Easy: 21157 productos
[1:33:05 a. m.] Easy: 21206 productos
[1:33:05 a. m.] Easy: 21253 productos
[1:33:06 a. m.] Easy: 21303 productos
[1:33:07 a. m.] Easy: 21330 productos
[1:33:09 a. m.] Easy: 21362 productos
[1:33:09 a. m.] Easy: 21379 productos
[1:33:10 a. m.] Easy: 21397 productos
[1:33:11 a. m.] Easy: 21408 productos
[1:33:12 a. m.] Easy: 21412 productos
[1:33:13 a. m.] Easy: 21418 productos
[1:33:14 a. m.] Easy: 21421 productos
[1:33:16 a. m.] Easy: 21446 productos
[1:33:17 a. m.] Easy: 21464 productos
[1:33:18 a. m.] Easy: 21512 productos
[1:33:18 a. m.] Easy: 21525 productos
[1:33:19 a. m.] Easy: 21537 productos
[1:33:20 a. m.] Easy: 21564 productos
[1:33:22 a. m.] Easy: 21614 productos
[1:33:23 a. m.] Easy: 21664 productos
[1:33:23 a. m.] Easy: 21672 productos
[1:33:25 a. m.] Easy: 21722 productos
[1:33:28 a. m.] Easy: 21772 productos
[1:33:28 a. m.] Easy: 21822 productos
[1:33:29 a. m.] Easy: 21851 productos
[1:33:30 a. m.] Easy: 21888 productos
[1:33:31 a. m.] Easy: 21936 productos
[1:33:32 a. m.] Easy: 21950 productos
[1:33:34 a. m.] Easy: 21978 productos
[1:33:35 a. m.] Easy: 22009 productos
[1:33:36 a. m.] Easy: 22046 productos
[1:33:36 a. m.] Easy: 22064 productos
[1:33:38 a. m.] Easy: 22114 productos
[1:33:38 a. m.] Easy: 22128 productos
[1:33:39 a. m.] Easy: 22141 productos
[1:33:41 a. m.] Easy: 22191 productos
[1:33:41 a. m.] Easy: 22207 productos
[1:33:42 a. m.] Easy: 22221 productos
[1:33:44 a. m.] Easy: 22270 productos
[1:33:45 a. m.] Easy: 22320 productos
[1:33:46 a. m.] Easy: 22370 productos
[1:33:46 a. m.] Easy: 22371 productos
[1:33:48 a. m.] Easy: 22421 productos
[1:33:50 a. m.] Easy: 22471 productos
[1:33:50 a. m.] Easy: 22472 productos
[1:33:52 a. m.] Easy: 22516 productos
[1:33:53 a. m.] Easy: 22566 productos
[1:33:53 a. m.] Easy: 22568 productos
[1:33:55 a. m.] Easy: 22618 productos
[1:33:56 a. m.] Easy: 22668 productos
[1:33:56 a. m.] Easy: 22718 productos
[1:33:58 a. m.] Easy: 22768 productos
[1:33:58 a. m.] Easy: 22818 productos
[1:33:59 a. m.] Easy: 22868 productos
[1:34:00 a. m.] Easy: 22875 productos
[1:34:01 a. m.] Easy: 22925 productos
[1:34:02 a. m.] Easy: 22945 productos
[1:34:04 a. m.] Easy: 22993 productos
[1:34:04 a. m.] Easy: 23043 productos
[1:34:05 a. m.] Easy: 23093 productos
[1:34:06 a. m.] Easy: 23094 productos
[1:34:08 a. m.] Easy: 23106 productos
[1:34:08 a. m.] Easy: 23137 productos
[1:34:10 a. m.] Easy: 23187 productos
[1:34:11 a. m.] Easy: 23237 productos
[1:34:12 a. m.] Easy: 23287 productos
[1:34:13 a. m.] Easy: 23295 productos
[1:34:15 a. m.] Easy: 23345 productos
[1:34:16 a. m.] Easy: 23377 productos
[1:34:17 a. m.] Easy: 23412 productos
[1:34:21 a. m.] Easy: 23462 productos
[1:34:21 a. m.] Easy: 23483 productos
[1:34:23 a. m.] Easy: 23491 productos
[1:34:23 a. m.] Easy: 23504 productos
[1:34:25 a. m.] Easy: 23554 productos
[1:34:26 a. m.] Easy: 23604 productos
[1:34:28 a. m.] Easy: 23654 productos
[1:34:28 a. m.] Easy: 23703 productos
[1:34:30 a. m.] Easy: 23718 productos
[1:34:30 a. m.] Easy: 23726 productos
[1:34:33 a. m.] Easy: 23760 productos
[1:34:33 a. m.] Easy: 23769 productos
[1:34:34 a. m.] Easy: 23819 productos
[1:34:35 a. m.] Easy: 23863 productos
[1:34:36 a. m.] Easy: 23913 productos
[1:34:37 a. m.] Easy: 23920 productos
[1:34:39 a. m.] Easy: 23953 productos
[1:34:40 a. m.] Easy: 23960 productos
[1:34:40 a. m.] Easy: 23982 productos
[1:34:42 a. m.] Easy: 23984 productos
[1:34:42 a. m.] Easy: 23988 productos
[1:34:43 a. m.] Easy: 23995 productos
[1:34:46 a. m.] Easy: 24045 productos
[1:34:46 a. m.] Easy: 24056 productos
[1:34:47 a. m.] Easy: 24106 productos
[1:34:49 a. m.] Easy: 24120 productos
[1:34:50 a. m.] Easy: 24140 productos
[1:34:51 a. m.] Easy: 24185 productos
[1:34:52 a. m.] Easy: 24199 productos
[1:34:53 a. m.] Easy: 24216 productos
[1:34:54 a. m.] Easy: 24230 productos
[1:34:55 a. m.] Easy: 24280 productos
[1:34:56 a. m.] Easy: 24301 productos
[1:34:57 a. m.] Easy: 24306 productos
[1:34:59 a. m.] Easy: 24334 productos
[1:35:00 a. m.] Easy: 24382 productos
[1:35:01 a. m.] Easy: 24432 productos
[1:35:01 a. m.] Easy: 24482 productos
[1:35:02 a. m.] Easy: 24487 productos
[1:35:03 a. m.] Easy: 24508 productos
[1:35:04 a. m.] Easy: 24515 productos
[1:35:05 a. m.] Easy: 24524 productos
[1:35:06 a. m.] Easy: 24551 productos
[1:35:08 a. m.] Easy: 24601 productos
[1:35:08 a. m.] Easy: 24635 productos
[1:35:09 a. m.] Easy: 24637 productos
[1:35:11 a. m.] Easy: 24658 productos
[1:35:11 a. m.] Easy: 24660 productos
[1:35:13 a. m.] Easy: 24710 productos
[1:35:13 a. m.] Easy: 24746 productos
[1:35:14 a. m.] Easy: 24746 productos
[1:35:17 a. m.] Easy: 24750 productos
[1:35:19 a. m.] Easy: 24797 productos
[1:35:20 a. m.] Easy: 24806 productos
[1:35:21 a. m.] Easy: 24846 productos
[1:35:21 a. m.] Easy: 24860 productos
[1:35:23 a. m.] Easy: 24862 productos
[1:35:24 a. m.] Easy: 24901 productos
[1:35:25 a. m.] Easy: 24923 productos
[1:35:26 a. m.] Easy: 24954 productos
[1:35:27 a. m.] Easy: 25002 productos
[1:35:28 a. m.] Easy: 25017 productos
[1:35:30 a. m.] Easy: 25033 productos
[1:35:31 a. m.] Easy: 25043 productos
[1:35:32 a. m.] Easy: 25078 productos
[1:35:34 a. m.] Easy: 25089 productos
[1:35:35 a. m.] Easy: 25139 productos
[1:35:36 a. m.] Easy: 25189 productos
[1:35:37 a. m.] Easy: 25236 productos
[1:35:38 a. m.] Easy: 25247 productos
[1:35:39 a. m.] Easy: 25285 productos
[1:35:40 a. m.] Easy: 25335 productos
[1:35:42 a. m.] Easy: 25385 productos
[1:35:43 a. m.] Easy: 25435 productos
[1:35:43 a. m.] Easy: 25485 productos
[1:35:45 a. m.] Easy: 25535 productos
[1:35:45 a. m.] Easy: 25549 productos
[1:35:48 a. m.] Easy: 25599 productos
[1:35:48 a. m.] Easy: 25601 productos
[1:35:49 a. m.] Easy: 25615 productos
[1:35:50 a. m.] Easy: 25621 productos
[1:35:51 a. m.] Easy: 25660 productos
[1:35:52 a. m.] Easy: 25710 productos
[1:35:54 a. m.] Easy: 25760 productos
[1:35:55 a. m.] Easy: 25781 productos
[1:35:56 a. m.] Easy: 25831 productos
[1:35:57 a. m.] Easy: 25881 productos
[1:35:58 a. m.] Easy: 25931 productos
[1:35:59 a. m.] Easy: 25981 productos
[1:36:00 a. m.] Easy: 26031 productos
[1:36:01 a. m.] Easy: 26081 productos
[1:36:02 a. m.] Easy: 26131 productos
[1:36:03 a. m.] Easy: 26181 productos
[1:36:05 a. m.] Easy: 26231 productos
[1:36:05 a. m.] Easy: 26281 productos
[1:36:06 a. m.] Easy: 26331 productos
[1:36:07 a. m.] Easy: 26355 productos
[1:36:09 a. m.] Easy: 26405 productos
[1:36:09 a. m.] Easy: 26407 productos
[1:36:10 a. m.] Easy: 26413 productos
[1:36:12 a. m.] Easy: 26454 productos
[1:36:12 a. m.] Easy: 26463 productos
[1:36:13 a. m.] Easy: 26513 productos
[1:36:14 a. m.] Easy: 26525 productos
[1:36:16 a. m.] Easy: 26575 productos
[1:36:18 a. m.] Easy: 26596 productos
[1:36:20 a. m.] Easy: 26646 productos
[1:36:25 a. m.] Easy: 26696 productos
[1:36:26 a. m.] Easy: 26746 productos
[1:36:27 a. m.] Easy: 26764 productos
[1:36:28 a. m.] Easy: 26814 productos
[1:36:29 a. m.] Easy: 26835 productos
[1:36:30 a. m.] Easy: 26852 productos
[1:36:31 a. m.] Easy: 26876 productos
[1:36:32 a. m.] Easy: 26926 productos
[1:36:33 a. m.] Easy: 26943 productos
[1:36:34 a. m.] Easy: 26945 productos
[1:36:35 a. m.] Easy: 26989 productos
[1:36:36 a. m.] Easy: 27022 productos
[1:36:37 a. m.] Easy: 27034 productos
[1:36:38 a. m.] Easy: 27084 productos
[1:36:39 a. m.] Easy: 27134 productos
[1:36:41 a. m.] Easy: 27184 productos
[1:36:43 a. m.] Easy: 27218 productos
[1:36:43 a. m.] Easy: 27268 productos
[1:36:44 a. m.] Easy: 27304 productos
[1:36:45 a. m.] Easy: 27350 productos
[1:36:46 a. m.] Easy: 27400 productos
[1:36:47 a. m.] Easy: 27450 productos
[1:36:49 a. m.] Easy: 27470 productos
[1:36:49 a. m.] Easy: 27488 productos
[1:36:50 a. m.] Easy: 27491 productos
[1:36:51 a. m.] Easy: 27517 productos
[1:36:52 a. m.] Easy: 27566 productos
[1:36:53 a. m.] Easy: 27589 productos
[1:36:54 a. m.] Easy: 27639 productos
[1:36:55 a. m.] Easy: 27641 productos
[1:36:58 a. m.] Easy: 27670 productos
[1:36:58 a. m.] Easy: 27699 productos
[1:36:59 a. m.] Easy: 27709 productos
[1:37:00 a. m.] Easy: 27712 productos
[1:37:01 a. m.] Easy: 27738 productos
[1:37:04 a. m.] Easy: 27788 productos
[1:37:04 a. m.] Easy: 27790 productos
[1:37:06 a. m.] Easy: 27840 productos
[1:37:06 a. m.] Easy: 27856 productos
[1:37:08 a. m.] Easy: 27906 productos
[1:37:08 a. m.] Easy: 27956 productos
[1:37:10 a. m.] Easy: 28006 productos
[1:37:11 a. m.] Easy: 28056 productos
[1:37:11 a. m.] Easy: 28062 productos
[1:37:13 a. m.] Easy: 28112 productos
[1:37:13 a. m.] Easy: 28128 productos
[1:37:15 a. m.] Easy: 28134 productos
[1:37:16 a. m.] Easy: 28167 productos
[1:37:16 a. m.] Easy: 28169 productos
[1:37:18 a. m.] Easy: 28219 productos
[1:37:18 a. m.] Easy: 28228 productos
[1:37:19 a. m.] Easy: 28245 productos
[1:37:21 a. m.] Easy: 28265 productos
[1:37:22 a. m.] Easy: 28270 productos
[1:37:23 a. m.] Easy: 28294 productos
[1:37:24 a. m.] Easy: 28309 productos
[1:37:25 a. m.] Easy: 28349 productos
[1:37:26 a. m.] Easy: 28369 productos
[1:37:26 a. m.] Easy: 28386 productos
[1:37:28 a. m.] Easy: 28388 productos
[1:37:29 a. m.] Easy: 28398 productos
[1:37:30 a. m.] Easy: 28408 productos
[1:37:31 a. m.] Easy: 28414 productos
[1:37:32 a. m.] Easy: 28440 productos
[1:37:34 a. m.] Easy: 28443 productos
[1:37:35 a. m.] Easy: 28464 productos
[1:37:36 a. m.] Easy: 28479 productos
[1:37:38 a. m.] Easy: 28488 productos
[1:37:38 a. m.] Easy: 28490 productos
[1:37:40 a. m.] Easy: 28492 productos
[1:37:41 a. m.] Easy: 28505 productos
[1:37:42 a. m.] Easy: 28555 productos
[1:37:43 a. m.] Easy: 28571 productos
[1:37:44 a. m.] Easy: 28577 productos
[1:37:45 a. m.] Easy: 28587 productos
[1:37:46 a. m.] Easy: 28605 productos
[1:37:47 a. m.] Easy: 28621 productos
[1:37:48 a. m.] Easy: 28641 productos
[1:37:49 a. m.] Easy: 28665 productos
[1:37:50 a. m.] Easy: 28667 productos
[1:37:51 a. m.] Easy: 28717 productos
[1:37:53 a. m.] Easy: 28767 productos
[1:37:53 a. m.] Easy: 28817 productos
[1:37:54 a. m.] Easy: 28867 productos
[1:37:56 a. m.] Easy: 28917 productos
[1:37:56 a. m.] Easy: 28967 productos
[1:37:57 a. m.] Easy: 28982 productos
[1:37:58 a. m.] Easy: 28988 productos
[1:37:59 a. m.] Easy: 28996 productos
[1:38:00 a. m.] Easy: 29044 productos
[1:38:01 a. m.] Easy: 29048 productos
[1:38:02 a. m.] Easy: 29048 productos
[1:38:03 a. m.] Easy: 29098 productos
[1:38:04 a. m.] Easy: 29148 productos
[1:38:05 a. m.] Easy: 29174 productos
[1:38:06 a. m.] Easy: 29224 productos
[1:38:07 a. m.] Easy: 29263 productos
[1:38:08 a. m.] Easy: 29296 productos
[1:38:10 a. m.] Easy: 29297 productos
[1:38:11 a. m.] Easy: 29335 productos
[1:38:13 a. m.] Easy: 29352 productos
[1:38:14 a. m.] Easy: 29390 productos
[1:38:15 a. m.] Easy: 29397 productos
[1:38:17 a. m.] Easy: 29401 productos
[1:38:17 a. m.] Easy: 29406 productos
[1:38:18 a. m.] Easy: 29454 productos
[1:38:19 a. m.] Easy: 29492 productos
[1:38:22 a. m.] Easy: 29542 productos
[1:38:22 a. m.] Easy: 29564 productos
[1:38:24 a. m.] Easy: 29587 productos
[1:38:24 a. m.] Easy: 29594 productos
[1:38:25 a. m.] Easy: 29618 productos
[1:38:26 a. m.] Easy: 29624 productos
[1:38:28 a. m.] Easy: 29652 productos
[1:38:29 a. m.] Easy: 29702 productos
[1:38:29 a. m.] Easy: 29716 productos
[1:38:30 a. m.] Easy: 29733 productos
[1:38:32 a. m.] Easy: 29770 productos
[1:38:33 a. m.] Easy: 29819 productos
[1:38:33 a. m.] Easy: 29823 productos
[1:38:35 a. m.] Easy: 29837 productos
[1:38:36 a. m.] Easy: 29874 productos
[1:38:37 a. m.] Easy: 29923 productos
[1:38:37 a. m.] Easy: 29973 productos
[1:38:39 a. m.] Easy: 30007 productos
[1:38:40 a. m.] Easy: 30056 productos
[1:38:40 a. m.] Easy: 30066 productos
[1:38:42 a. m.] Easy: 30116 productos
[1:38:43 a. m.] Easy: 30166 productos
[1:38:45 a. m.] Easy: 30216 productos
[1:38:45 a. m.] Easy: 30266 productos
[1:38:46 a. m.] Easy: 30299 productos
[1:38:48 a. m.] Easy: 30349 productos
[1:38:48 a. m.] Easy: 30355 productos
[1:38:51 a. m.] Easy: 30402 productos
[1:38:51 a. m.] Easy: 30412 productos
[1:38:53 a. m.] Easy: 30442 productos
[1:38:54 a. m.] Easy: 30477 productos
[1:38:54 a. m.] Easy: 30491 productos
[1:38:57 a. m.] Easy: 30541 productos
[1:38:57 a. m.] Easy: 30580 productos
[1:38:58 a. m.] Easy: 30607 productos
[1:38:59 a. m.] Easy: 30619 productos
[1:39:01 a. m.] Easy: 30637 productos
[1:39:02 a. m.] Easy: 30659 productos
[1:39:02 a. m.] Easy: 30682 productos
[1:39:05 a. m.] Easy: 30732 productos
[1:39:05 a. m.] Easy: 30782 productos
[1:39:06 a. m.] Easy: 30807 productos
[1:39:08 a. m.] Easy: 30857 productos
[1:39:08 a. m.] Easy: 30866 productos
[1:39:09 a. m.] Easy: 30882 productos
[1:39:12 a. m.] Easy: 30932 productos
[1:39:13 a. m.] Easy: 30982 productos
[1:39:13 a. m.] Easy: 31032 productos
[1:39:14 a. m.] Easy: 31082 productos
[1:39:15 a. m.] Easy: 31132 productos
[1:39:18 a. m.] Easy: 31147 productos
[1:39:23 a. m.] Easy: 31197 productos
[1:39:24 a. m.] Easy: 31200 productos
[1:39:25 a. m.] Easy: 31250 productos
[1:39:26 a. m.] Easy: 31300 productos
[1:39:27 a. m.] Easy: 31316 productos
[1:39:29 a. m.] Easy: 31366 productos
[1:39:29 a. m.] Easy: 31416 productos
[1:39:30 a. m.] Easy: 31466 productos
[1:39:31 a. m.] Easy: 31474 productos
[1:39:32 a. m.] Easy: 31524 productos
[1:39:34 a. m.] Easy: 31574 productos
[1:39:34 a. m.] Easy: 31624 productos
[1:39:35 a. m.] Easy: 31673 productos
[1:39:36 a. m.] Easy: 31723 productos
[1:39:38 a. m.] Easy: 31773 productos
[1:39:39 a. m.] Easy: 31823 productos
[1:39:40 a. m.] Easy: 31835 productos
[1:39:42 a. m.] Easy: 31873 productos
[1:39:42 a. m.] Easy: 31901 productos
[1:39:45 a. m.] Easy: 31951 productos
[1:39:46 a. m.] Easy: 32001 productos
[1:39:46 a. m.] Easy: 32051 productos
[1:39:47 a. m.] Easy: 32064 productos
[1:39:48 a. m.] Easy: 32102 productos
[1:39:49 a. m.] Easy: 32121 productos
[1:39:51 a. m.] Easy: 32171 productos
[1:39:52 a. m.] Easy: 32186 productos
[1:39:53 a. m.] Easy: 32186 productos
[1:39:54 a. m.] Easy: 32186 productos
[1:39:55 a. m.] Easy: 32186 productos
[1:39:56 a. m.] Easy: 32186 productos
[1:39:57 a. m.] Easy: 32186 productos
[1:39:58 a. m.] Easy: 32186 productos
[1:39:59 a. m.] Easy: 32186 productos
[1:40:00 a. m.] Easy: 32186 productos
[1:40:01 a. m.] Easy: 32186 productos
[1:40:02 a. m.] Easy: 32186 productos
[1:40:04 a. m.] Easy: COMPLETO: 32186 productos -> pages\ESTADISTICAS\FERRETERIAS BOGOTA\Easy\inventario_easy.xlsx
[1:40:04 a. m.] fin: Easy: 32186 productos
