[11:32:48 p. m.] inicio: Easy, Ferricentro, Ferreco, Luis Penagos, Rhino
[11:32:48 p. m.] Easy: piloto 10 % (vtex, semilla 20260927)
[11:32:48 p. m.] Ferricentro: piloto 10 % (magento, semilla 20260927)
[11:32:48 p. m.] Ferreco: piloto 10 % (mapa, semilla 20260927)
[11:32:48 p. m.] Luis Penagos: piloto 10 % (mapa, semilla 20260927)
[11:32:48 p. m.] Rhino: piloto 10 % (woo, semilla 20260927)
[11:32:49 p. m.] Ferricentro: 100 productos
[11:32:49 p. m.] Easy: 45 productos
[11:32:50 p. m.] Ferricentro: 200 productos
[11:32:51 p. m.] Easy: 95 productos
[11:32:51 p. m.] Ferricentro: 300 productos
[11:32:52 p. m.] Ferricentro: 400 productos
[11:32:52 p. m.] Rhino: 100 productos
[11:32:53 p. m.] Easy: 145 productos
[11:32:53 p. m.] Ferricentro: 500 productos
[11:32:54 p. m.] Easy: 195 productos
[11:32:54 p. m.] Ferricentro: 600 productos
[11:32:55 p. m.] Easy: 245 productos
[11:32:55 p. m.] Ferricentro: 700 productos
[11:32:55 p. m.] Easy: 295 productos
[11:32:56 p. m.] Rhino: 200 productos
[11:32:56 p. m.] Ferricentro: 800 productos
[11:32:56 p. m.] Ferricentro: piloto: 800 productos; auditoria de 354 fichas
[11:32:56 p. m.] Easy: 345 productos
[11:32:57 p. m.] Easy: 363 productos
[11:32:59 p. m.] Easy: 413 productos
[11:32:59 p. m.] Rhino: 300 productos
[11:32:59 p. m.] Easy: 428 productos
[11:33:01 p. m.] Easy: 478 productos
[11:33:01 p. m.] Easy: 487 productos
[11:33:02 p. m.] Easy: 527 productos
[11:33:03 p. m.] Rhino: 400 productos
[11:33:03 p. m.] Easy: 530 productos
[11:33:04 p. m.] Easy: 530 productos
[11:33:05 p. m.] Easy: 572 productos
[11:33:06 p. m.] Rhino: 500 productos
[11:33:06 p. m.] Easy: 593 productos
[11:33:07 p. m.] Easy: 622 productos
[11:33:08 p. m.] Easy: 662 productos
[11:33:09 p. m.] Rhino: 600 productos
[11:33:10 p. m.] Easy: 712 productos
[11:33:10 p. m.] Easy: 721 productos
[11:33:12 p. m.] Easy: 740 productos
[11:33:12 p. m.] Rhino: 700 productos
[11:33:13 p. m.] Easy: 790 productos
[11:33:14 p. m.] Easy: 799 productos
[11:33:15 p. m.] Easy: 849 productos
[11:33:16 p. m.] Easy: 899 productos
[11:33:16 p. m.] Rhino: 800 productos
[11:33:17 p. m.] Easy: 919 productos
[11:33:18 p. m.] Easy: 925 productos
[11:33:18 p. m.] Ferreco: 25/476 fichas, 25 productos
[11:33:19 p. m.] Easy: 928 productos
[11:33:19 p. m.] Rhino: 900 productos
[11:33:20 p. m.] Easy: 939 productos
[11:33:21 p. m.] Easy: 972 productos
[11:33:22 p. m.] Easy: 1001 productos
[11:33:23 p. m.] Rhino: 1000 productos
[11:33:23 p. m.] Easy: 1001 productos
[11:33:24 p. m.] Luis Penagos: 25/407 fichas, 25 productos
[11:33:24 p. m.] Easy: 1051 productos
[11:33:25 p. m.] Easy: 1101 productos
[11:33:26 p. m.] Easy: 1151 productos
[11:33:26 p. m.] Rhino: 1100 productos
[11:33:27 p. m.] Easy: 1164 productos
[11:33:28 p. m.] Easy: 1212 productos
[11:33:29 p. m.] Easy: 1262 productos
[11:33:30 p. m.] Rhino: 1200 productos
[11:33:30 p. m.] Easy: 1312 productos
[11:33:31 p. m.] Easy: 1347 productos
[11:33:32 p. m.] Easy: 1357 productos
[11:33:33 p. m.] Easy: 1377 productos
[11:33:33 p. m.] Rhino: 1300 productos
[11:33:34 p. m.] Easy: 1380 productos
[11:33:35 p. m.] Easy: 1405 productos
[11:33:36 p. m.] Easy: 1408 productos
[11:33:37 p. m.] Easy: 1412 productos
[11:33:37 p. m.] Rhino: 1400 productos
[11:33:38 p. m.] Easy: 1452 productos
[11:33:39 p. m.] Easy: 1502 productos
[11:33:40 p. m.] Easy: 1552 productos
[11:33:41 p. m.] Easy: 1602 productos
[11:33:41 p. m.] Rhino: 1500 productos
[11:33:42 p. m.] Easy: 1652 productos
[11:33:43 p. m.] Easy: 1702 productos
[11:33:44 p. m.] Easy: 1752 productos
[11:33:45 p. m.] Rhino: 1600 productos
[11:33:45 p. m.] Easy: 1802 productos
[11:33:46 p. m.] Easy: 1836 productos
[11:33:47 p. m.] Easy: 1844 productos
[11:33:47 p. m.] Ferreco: 50/476 fichas, 50 productos
[11:33:48 p. m.] Easy: 1894 productos
[11:33:49 p. m.] Rhino: 1700 productos
[11:33:49 p. m.] Easy: 1944 productos
[11:33:50 p. m.] Easy: 1945 productos
[11:33:51 p. m.] Easy: 1994 productos
[11:33:52 p. m.] Easy: 1995 productos
[11:33:53 p. m.] Rhino: 1800 productos
[11:33:53 p. m.] Easy: 2008 productos
[11:33:54 p. m.] Easy: 2024 productos
[11:33:55 p. m.] Easy: 2036 productos
[11:33:56 p. m.] Easy: 2086 productos
[11:33:56 p. m.] Rhino: 1900 productos
[11:33:57 p. m.] Easy: 2136 productos
[11:33:58 p. m.] Easy: 2162 productos
[11:34:00 p. m.] Easy: 2212 productos
[11:34:00 p. m.] Rhino: 2000 productos
[11:34:01 p. m.] Easy: 2262 productos
[11:34:02 p. m.] Easy: 2312 productos
[11:34:03 p. m.] Easy: 2362 productos
[11:34:04 p. m.] Rhino: 2100 productos
[11:34:04 p. m.] Easy: 2376 productos
[11:34:05 p. m.] Easy: 2426 productos
[11:34:06 p. m.] Easy: 2476 productos
[11:34:07 p. m.] Easy: 2526 productos
[11:34:08 p. m.] Rhino: 2200 productos
[11:34:08 p. m.] Easy: 2576 productos
[11:34:09 p. m.] Easy: 2626 productos
[11:34:10 p. m.] Easy: 2676 productos
[11:34:11 p. m.] Easy: 2699 productos
[11:34:12 p. m.] Rhino: 2300 productos
[11:34:12 p. m.] Easy: 2705 productos
[11:34:13 p. m.] Easy: 2755 productos
[11:34:14 p. m.] Easy: 2760 productos
[11:34:15 p. m.] Easy: 2792 productos
[11:34:16 p. m.] Ferreco: 75/476 fichas, 72 productos
[11:34:16 p. m.] Rhino: 2400 productos
[11:34:16 p. m.] Easy: 2842 productos
[11:34:17 p. m.] Easy: 2892 productos
[11:34:18 p. m.] Easy: 2908 productos
[11:34:19 p. m.] Easy: 2958 productos
[11:34:20 p. m.] Easy: 2972 productos
[11:34:21 p. m.] Rhino: 2500 productos
[11:34:22 p. m.] Easy: 3022 productos
[11:34:22 p. m.] Easy: 3057 productos
[11:34:24 p. m.] Easy: 3107 productos
[11:34:24 p. m.] Rhino: 2600 productos
[11:34:24 p. m.] Easy: 3157 productos
[11:34:25 p. m.] Easy: 3207 productos
[11:34:26 p. m.] Easy: 3215 productos
[11:34:27 p. m.] Easy: 3231 productos
[11:34:28 p. m.] Rhino: 2700 productos
[11:34:28 p. m.] Easy: 3257 productos
[11:34:30 p. m.] Easy: 3307 productos
[11:34:31 p. m.] Easy: 3357 productos
[11:34:31 p. m.] Easy: 3407 productos
[11:34:32 p. m.] Rhino: 2800 productos
[11:34:32 p. m.] Easy: 3457 productos
[11:34:34 p. m.] Easy: 3507 productos
[11:34:34 p. m.] Easy: 3522 productos
[11:34:35 p. m.] Rhino: 2900 productos
[11:34:35 p. m.] Easy: 3562 productos
[11:34:37 p. m.] Easy: 3612 productos
[11:34:37 p. m.] Easy: 3614 productos
[11:34:38 p. m.] Easy: 3654 productos
[11:34:39 p. m.] Rhino: 3000 productos
[11:34:40 p. m.] Easy: 3667 productos
[11:34:42 p. m.] Easy: 3711 productos
[11:34:43 p. m.] Easy: 3718 productos
[11:34:43 p. m.] Rhino: 3100 productos
[11:34:44 p. m.] Easy: 3733 productos
[11:34:45 p. m.] Easy: 3770 productos
[11:34:46 p. m.] Ferreco: 100/476 fichas, 97 productos
[11:34:47 p. m.] Easy: 3820 productos
[11:34:47 p. m.] Rhino: 3200 productos
[11:34:48 p. m.] Easy: 3856 productos
[11:34:49 p. m.] Easy: 3906 productos
[11:34:50 p. m.] Easy: 3918 productos
[11:34:50 p. m.] Easy: 3932 productos
[11:34:50 p. m.] Easy: piloto: 3932 productos; auditoria de 1668 fichas
[11:34:51 p. m.] Rhino: 3300 productos
[11:34:55 p. m.] Rhino: 3400 productos
[11:35:00 p. m.] Rhino: 3500 productos
[11:35:03 p. m.] Rhino: 3589 productos
[11:35:03 p. m.] Rhino: piloto: 359 productos; auditoria de 180 fichas
[11:35:14 p. m.] Luis Penagos: 50/407 fichas, 50 productos
[11:35:15 p. m.] Ferreco: 125/476 fichas, 120 productos
[11:35:45 p. m.] Ferreco: 150/476 fichas, 142 productos
[11:36:13 p. m.] Ferreco: 175/476 fichas, 167 productos
[11:37:08 p. m.] Luis Penagos: 75/407 fichas, 75 productos
[11:37:31 p. m.] Ferreco: 200/476 fichas, 191 productos
[11:37:59 p. m.] Ferreco: 225/476 fichas, 216 productos
[11:38:29 p. m.] Ferreco: 250/476 fichas, 240 productos
[11:38:57 p. m.] Ferreco: 275/476 fichas, 264 productos
[11:39:00 p. m.] Ferricentro: auditoria 354/354 = 100.0 % -> APROBADO
[11:39:00 p. m.] Ferricentro: 100 productos
[11:39:03 p. m.] Ferricentro: 200 productos
[11:39:04 p. m.] Ferricentro: 300 productos
[11:39:04 p. m.] Ferricentro: 400 productos
[11:39:06 p. m.] Ferricentro: 500 productos
[11:39:08 p. m.] Ferricentro: 600 productos
[11:39:10 p. m.] Ferricentro: 700 productos
[11:39:11 p. m.] Ferricentro: 800 productos
[11:39:13 p. m.] Ferricentro: 900 productos
[11:39:15 p. m.] Ferricentro: 1000 productos
[11:39:16 p. m.] Ferricentro: 1100 productos
[11:39:18 p. m.] Ferricentro: 1200 productos
[11:39:20 p. m.] Ferricentro: 1300 productos
[11:39:22 p. m.] Ferricentro: 1400 productos
[11:39:23 p. m.] Ferricentro: 1500 productos
[11:39:24 p. m.] Ferricentro: 1600 productos
[11:39:26 p. m.] Ferricentro: 1700 productos
[11:39:27 p. m.] Ferricentro: 1800 productos
[11:39:29 p. m.] Ferricentro: 1900 productos
[11:39:29 p. m.] Ferricentro: 2000 productos
[11:39:30 p. m.] Ferreco: 300/476 fichas, 288 productos
[11:39:31 p. m.] Ferricentro: 2100 productos
[11:39:33 p. m.] Ferricentro: 2200 productos
[11:39:35 p. m.] Ferricentro: 2300 productos
[11:39:36 p. m.] Ferricentro: 2400 productos
[11:39:36 p. m.] Ferricentro: 2500 productos
[11:39:39 p. m.] Ferricentro: 2600 productos
[11:39:39 p. m.] Ferricentro: 2700 productos
[11:39:41 p. m.] Ferricentro: 2800 productos
[11:39:43 p. m.] Luis Penagos: 100/407 fichas, 100 productos
[11:39:43 p. m.] Ferricentro: 2900 productos
[11:39:45 p. m.] Ferricentro: 3000 productos
[11:39:47 p. m.] Ferricentro: 3100 productos
[11:39:49 p. m.] Ferricentro: 3200 productos
[11:39:49 p. m.] Ferricentro: 3300 productos
[11:39:50 p. m.] Ferricentro: 3400 productos
[11:39:52 p. m.] Ferricentro: 3500 productos
[11:39:54 p. m.] Ferricentro: 3600 productos
[11:39:56 p. m.] Ferricentro: 3700 productos
[11:39:57 p. m.] Ferricentro: 3800 productos
[11:39:59 p. m.] Ferricentro: 3900 productos
[11:39:59 p. m.] Ferreco: 325/476 fichas, 312 productos
[11:40:00 p. m.] Ferricentro: 4000 productos
[11:40:00 p. m.] Ferricentro: 4100 productos
[11:40:03 p. m.] Ferricentro: 4200 productos
[11:40:05 p. m.] Ferricentro: 4300 productos
[11:40:07 p. m.] Ferricentro: 4400 productos
[11:40:07 p. m.] Ferricentro: 4500 productos
[11:40:09 p. m.] Ferricentro: 4600 productos
[11:40:11 p. m.] Ferricentro: 4700 productos
[11:40:13 p. m.] Ferricentro: 4800 productos
[11:40:14 p. m.] Ferricentro: 4900 productos
[11:40:16 p. m.] Ferricentro: 5000 productos
[11:40:17 p. m.] Ferricentro: 5100 productos
[11:40:19 p. m.] Ferricentro: 5200 productos
[11:40:21 p. m.] Ferricentro: 5300 productos
[11:40:23 p. m.] Ferricentro: 5400 productos
[11:40:24 p. m.] Ferricentro: 5500 productos
[11:40:26 p. m.] Ferricentro: 5600 productos
[11:40:28 p. m.] Ferricentro: 5700 productos
[11:40:30 p. m.] Ferricentro: 5800 productos
[11:40:31 p. m.] Ferricentro: 5900 productos
[11:40:32 p. m.] Ferricentro: 6000 productos
[11:40:34 p. m.] Ferricentro: 6100 productos
[11:40:36 p. m.] Ferricentro: 6200 productos
[11:40:38 p. m.] Ferricentro: 6300 productos
[11:40:39 p. m.] Ferricentro: 6400 productos
[11:40:40 p. m.] Ferricentro: 6500 productos
[11:40:42 p. m.] Ferricentro: 6600 productos
[11:40:43 p. m.] Ferricentro: 6700 productos
[11:40:45 p. m.] Ferricentro: 6800 productos
[11:40:47 p. m.] Ferricentro: 6900 productos
[11:40:48 p. m.] Ferreco: 350/476 fichas, 336 productos
[11:40:49 p. m.] Ferricentro: 7000 productos
[11:40:50 p. m.] Ferricentro: 7068 productos
[11:40:50 p. m.] Ferricentro: COMPLETO: 7068 productos -> pages\ESTADISTICAS\FERRETERIAS BOGOTA\Ferricentro\inventario_ferricentro.xlsx
[11:41:18 p. m.] Ferreco: 375/476 fichas, 359 productos
[11:41:25 p. m.] Rhino: auditoria 180/180 = 100.0 % -> APROBADO
[11:41:26 p. m.] Rhino: COMPLETO: 3589 productos -> pages\ESTADISTICAS\FERRETERIAS BOGOTA\Rhino\inventario_rhino.xlsx
[11:41:48 p. m.] Ferreco: 400/476 fichas, 383 productos
[11:42:17 p. m.] Ferreco: 425/476 fichas, 407 productos
[11:42:37 p. m.] Luis Penagos: 125/407 fichas, 125 productos
[11:42:47 p. m.] Ferreco: 450/476 fichas, 431 productos
[11:43:15 p. m.] Ferreco: 475/476 fichas, 455 productos
[11:43:16 p. m.] Ferreco: piloto: 456 productos; auditoria de 238 fichas
[11:45:06 p. m.] Luis Penagos: 150/407 fichas, 150 productos
[11:45:45 p. m.] Luis Penagos: 175/407 fichas, 175 productos
[11:48:25 p. m.] Luis Penagos: 200/407 fichas, 200 productos
[11:49:15 p. m.] Ferreco: auditoria 238/238 = 100.0 % -> APROBADO
[11:50:15 p. m.] Ferreco: 25/4759 fichas, 0 productos
[11:50:49 p. m.] Luis Penagos: 225/407 fichas, 225 productos
[11:51:04 p. m.] Ferreco: 50/4759 fichas, 0 productos
[11:51:33 p. m.] Ferreco: 75/4759 fichas, 0 productos
[11:52:20 p. m.] Ferreco: 100/4759 fichas, 0 productos
[11:52:50 p. m.] Ferreco: 125/4759 fichas, 0 productos
[11:53:18 p. m.] Ferreco: 150/4759 fichas, 20 productos
[11:53:20 p. m.] Luis Penagos: 250/407 fichas, 250 productos
[11:53:48 p. m.] Ferreco: 175/4759 fichas, 45 productos
[11:54:07 p. m.] Luis Penagos: 275/407 fichas, 275 productos
[11:54:37 p. m.] Ferreco: 200/4759 fichas, 70 productos
[11:55:05 p. m.] Ferreco: 225/4759 fichas, 95 productos
[11:55:35 p. m.] Ferreco: 250/4759 fichas, 120 productos
[11:55:52 p. m.] Luis Penagos: 300/407 fichas, 300 productos
[11:56:03 p. m.] Ferreco: 275/4759 fichas, 145 productos
[11:56:33 p. m.] Ferreco: 300/4759 fichas, 170 productos
[11:57:01 p. m.] Ferreco: 325/4759 fichas, 195 productos
[11:57:03 p. m.] Luis Penagos: 325/407 fichas, 325 productos
[11:57:31 p. m.] Ferreco: 350/4759 fichas, 220 productos
[11:57:40 p. m.] Luis Penagos: 350/407 fichas, 350 productos
[11:58:01 p. m.] Ferreco: 375/4759 fichas, 245 productos
[11:58:30 p. m.] Ferreco: 400/4759 fichas, 270 productos
[11:59:00 p. m.] Ferreco: 425/4759 fichas, 295 productos
[11:59:22 p. m.] Luis Penagos: 375/407 fichas, 375 productos
[11:59:28 p. m.] Ferreco: 450/4759 fichas, 320 productos
[11:59:58 p. m.] Ferreco: 475/4759 fichas, 345 productos
[12:00:46 a. m.] Luis Penagos: 400/407 fichas, 400 productos
[12:00:46 a. m.] Ferreco: 500/4759 fichas, 370 productos
[12:01:43 a. m.] Luis Penagos: piloto: 407 productos; auditoria de 204 fichas
[12:01:46 a. m.] Ferreco: 525/4759 fichas, 395 productos
[12:02:16 a. m.] Ferreco: 550/4759 fichas, 420 productos
[12:02:45 a. m.] Ferreco: 575/4759 fichas, 445 productos
[12:03:14 a. m.] Ferreco: 600/4759 fichas, 470 productos
[12:03:42 a. m.] Ferreco: 625/4759 fichas, 495 productos
[12:04:12 a. m.] Ferreco: 650/4759 fichas, 520 productos
[12:04:42 a. m.] Ferreco: 675/4759 fichas, 545 productos
[12:05:10 a. m.] Ferreco: 700/4759 fichas, 570 productos
[12:05:32 a. m.] Luis Penagos: auditoria 204/204 = 100.0 % -> APROBADO
[12:05:39 a. m.] Ferreco: 725/4759 fichas, 595 productos
[12:06:08 a. m.] Ferreco: 750/4759 fichas, 620 productos
[12:06:38 a. m.] Ferreco: 775/4759 fichas, 645 productos
[12:07:07 a. m.] Ferreco: 800/4759 fichas, 670 productos
[12:07:09 a. m.] Luis Penagos: 25/4063 fichas, 24 productos
[12:07:36 a. m.] Ferreco: 825/4759 fichas, 695 productos
[12:08:06 a. m.] Ferreco: 850/4759 fichas, 720 productos
[12:08:33 a. m.] Ferreco: 875/4759 fichas, 745 productos
[12:09:05 a. m.] Ferreco: 900/4759 fichas, 770 productos
[12:09:19 a. m.] Luis Penagos: 50/4063 fichas, 49 productos
[12:09:33 a. m.] Ferreco: 925/4759 fichas, 795 productos
[12:10:03 a. m.] Ferreco: 950/4759 fichas, 820 productos
[12:10:31 a. m.] Ferreco: 975/4759 fichas, 845 productos
[12:10:49 a. m.] Luis Penagos: 75/4063 fichas, 74 productos
[12:11:00 a. m.] Ferreco: 1000/4759 fichas, 870 productos
[12:11:28 a. m.] Ferreco: 1025/4759 fichas, 895 productos
[12:11:58 a. m.] Ferreco: 1050/4759 fichas, 920 productos
[12:12:25 a. m.] Ferreco: 1075/4759 fichas, 945 productos
[12:12:53 a. m.] Ferreco: 1100/4759 fichas, 970 productos
[12:13:02 a. m.] Luis Penagos: 100/4063 fichas, 99 productos
[12:13:21 a. m.] Ferreco: 1125/4759 fichas, 995 productos
[12:13:35 a. m.] Luis Penagos: 125/4063 fichas, 124 productos
[12:13:46 a. m.] Ferreco: 1150/4759 fichas, 1020 productos
[12:14:06 a. m.] Luis Penagos: 150/4063 fichas, 149 productos
[12:14:11 a. m.] Ferreco: 1175/4759 fichas, 1045 productos
[12:14:37 a. m.] Ferreco: 1200/4759 fichas, 1070 productos
[12:14:38 a. m.] Luis Penagos: 175/4063 fichas, 174 productos
[12:15:02 a. m.] Ferreco: 1225/4759 fichas, 1095 productos
[12:15:11 a. m.] Luis Penagos: 200/4063 fichas, 199 productos
[12:15:27 a. m.] Ferreco: 1250/4759 fichas, 1120 productos
[12:15:43 a. m.] Luis Penagos: 225/4063 fichas, 224 productos
[12:15:52 a. m.] Ferreco: 1275/4759 fichas, 1145 productos
[12:16:15 a. m.] Luis Penagos: 250/4063 fichas, 249 productos
[12:16:17 a. m.] Ferreco: 1300/4759 fichas, 1170 productos
[12:16:43 a. m.] Ferreco: 1325/4759 fichas, 1195 productos
[12:16:46 a. m.] Luis Penagos: 275/4063 fichas, 274 productos
[12:17:08 a. m.] Ferreco: 1350/4759 fichas, 1220 productos
[12:17:17 a. m.] Luis Penagos: 300/4063 fichas, 299 productos
[12:17:33 a. m.] Ferreco: 1375/4759 fichas, 1245 productos
[12:17:48 a. m.] Luis Penagos: 325/4063 fichas, 324 productos
[12:17:58 a. m.] Ferreco: 1400/4759 fichas, 1270 productos
[12:18:21 a. m.] Luis Penagos: 350/4063 fichas, 349 productos
[12:18:24 a. m.] Ferreco: 1425/4759 fichas, 1295 productos
[12:18:49 a. m.] Ferreco: 1450/4759 fichas, 1320 productos
[12:18:52 a. m.] Luis Penagos: 375/4063 fichas, 374 productos
[12:19:14 a. m.] Ferreco: 1475/4759 fichas, 1345 productos
[12:19:24 a. m.] Luis Penagos: 400/4063 fichas, 399 productos
[12:19:39 a. m.] Ferreco: 1500/4759 fichas, 1370 productos
[12:19:55 a. m.] Luis Penagos: 425/4063 fichas, 424 productos
[12:20:04 a. m.] Ferreco: 1525/4759 fichas, 1395 productos
[12:20:27 a. m.] Luis Penagos: 450/4063 fichas, 449 productos
[12:20:30 a. m.] Ferreco: 1550/4759 fichas, 1420 productos
[12:20:55 a. m.] Ferreco: 1575/4759 fichas, 1445 productos
[12:20:59 a. m.] Luis Penagos: 475/4063 fichas, 474 productos
[12:21:20 a. m.] Ferreco: 1600/4759 fichas, 1470 productos
[12:21:31 a. m.] Luis Penagos: 500/4063 fichas, 499 productos
[12:21:45 a. m.] Ferreco: 1625/4759 fichas, 1495 productos
[12:22:02 a. m.] Luis Penagos: 525/4063 fichas, 524 productos
[12:22:11 a. m.] Ferreco: 1650/4759 fichas, 1520 productos
[12:22:35 a. m.] Luis Penagos: 550/4063 fichas, 549 productos
[12:22:36 a. m.] Ferreco: 1675/4759 fichas, 1545 productos
[12:23:01 a. m.] Ferreco: 1700/4759 fichas, 1570 productos
[12:23:05 a. m.] Luis Penagos: 575/4063 fichas, 574 productos
[12:23:26 a. m.] Ferreco: 1725/4759 fichas, 1595 productos
[12:23:36 a. m.] Luis Penagos: 600/4063 fichas, 599 productos
[12:23:51 a. m.] Ferreco: 1750/4759 fichas, 1620 productos
[12:24:07 a. m.] Luis Penagos: 625/4063 fichas, 624 productos
[12:24:16 a. m.] Ferreco: 1775/4759 fichas, 1645 productos
[12:24:27 a. m.] Easy: auditoria 1551/1668 = 93.0 % -> NO aprobado
[12:24:39 a. m.] Luis Penagos: 650/4063 fichas, 649 productos
[12:24:42 a. m.] Ferreco: 1800/4759 fichas, 1670 productos
[12:25:07 a. m.] Ferreco: 1825/4759 fichas, 1695 productos
[12:25:12 a. m.] Luis Penagos: 675/4063 fichas, 674 productos
[12:25:32 a. m.] Ferreco: 1850/4759 fichas, 1720 productos
[12:25:44 a. m.] Luis Penagos: 700/4063 fichas, 699 productos
[12:25:57 a. m.] Ferreco: 1875/4759 fichas, 1745 productos
[12:26:15 a. m.] Luis Penagos: 725/4063 fichas, 724 productos
[12:26:23 a. m.] Ferreco: 1900/4759 fichas, 1770 productos
[12:26:44 a. m.] Luis Penagos: 750/4063 fichas, 749 productos
[12:26:48 a. m.] Ferreco: 1925/4759 fichas, 1795 productos
[12:27:13 a. m.] Ferreco: 1950/4759 fichas, 1820 productos
[12:27:17 a. m.] Luis Penagos: 775/4063 fichas, 774 productos
[12:27:38 a. m.] Ferreco: 1975/4759 fichas, 1845 productos
[12:27:46 a. m.] Luis Penagos: 800/4063 fichas, 799 productos
[12:28:03 a. m.] Ferreco: 2000/4759 fichas, 1870 productos
[12:28:19 a. m.] Luis Penagos: 825/4063 fichas, 824 productos
[12:28:29 a. m.] Ferreco: 2025/4759 fichas, 1895 productos
[12:28:49 a. m.] Luis Penagos: 850/4063 fichas, 849 productos
[12:28:54 a. m.] Ferreco: 2050/4759 fichas, 1920 productos
[12:29:19 a. m.] Ferreco: 2075/4759 fichas, 1945 productos
[12:29:20 a. m.] Luis Penagos: 875/4063 fichas, 874 productos
[12:29:44 a. m.] Ferreco: 2100/4759 fichas, 1970 productos
[12:29:51 a. m.] Luis Penagos: 900/4063 fichas, 899 productos
[12:30:10 a. m.] Ferreco: 2125/4759 fichas, 1995 productos
[12:30:23 a. m.] Luis Penagos: 925/4063 fichas, 924 productos
[12:30:35 a. m.] Ferreco: 2150/4759 fichas, 2020 productos
[12:30:54 a. m.] Luis Penagos: 950/4063 fichas, 949 productos
[12:31:00 a. m.] Ferreco: 2175/4759 fichas, 2045 productos
[12:31:25 a. m.] Ferreco: 2200/4759 fichas, 2070 productos
[12:31:26 a. m.] Luis Penagos: 975/4063 fichas, 974 productos
[12:31:50 a. m.] Ferreco: 2225/4759 fichas, 2095 productos
[12:31:57 a. m.] Luis Penagos: 1000/4063 fichas, 999 productos
[12:32:15 a. m.] Ferreco: 2250/4759 fichas, 2120 productos
[12:32:31 a. m.] Luis Penagos: 1025/4063 fichas, 1024 productos
[12:32:41 a. m.] Ferreco: 2275/4759 fichas, 2145 productos
[12:33:04 a. m.] Luis Penagos: 1050/4063 fichas, 1049 productos
[12:33:06 a. m.] Ferreco: 2300/4759 fichas, 2170 productos
[12:33:31 a. m.] Ferreco: 2325/4759 fichas, 2195 productos
[12:33:39 a. m.] Luis Penagos: 1075/4063 fichas, 1074 productos
[12:33:56 a. m.] Ferreco: 2350/4759 fichas, 2220 productos
[12:34:11 a. m.] Luis Penagos: 1100/4063 fichas, 1099 productos
[12:34:22 a. m.] Ferreco: 2375/4759 fichas, 2245 productos
[12:34:43 a. m.] Luis Penagos: 1125/4063 fichas, 1124 productos
[12:34:47 a. m.] Ferreco: 2400/4759 fichas, 2270 productos
[12:35:12 a. m.] Ferreco: 2425/4759 fichas, 2295 productos
[12:35:14 a. m.] Luis Penagos: 1150/4063 fichas, 1149 productos
[12:35:37 a. m.] Ferreco: 2450/4759 fichas, 2320 productos
[12:35:45 a. m.] Luis Penagos: 1175/4063 fichas, 1174 productos
[12:36:03 a. m.] Ferreco: 2475/4759 fichas, 2345 productos
[12:36:15 a. m.] Luis Penagos: 1200/4063 fichas, 1199 productos
[12:36:28 a. m.] Ferreco: 2500/4759 fichas, 2370 productos
[12:36:46 a. m.] Luis Penagos: 1225/4063 fichas, 1224 productos
[12:36:53 a. m.] Ferreco: 2525/4759 fichas, 2395 productos
[12:37:17 a. m.] Luis Penagos: 1250/4063 fichas, 1249 productos
[12:37:18 a. m.] Ferreco: 2550/4759 fichas, 2420 productos
[12:37:44 a. m.] Ferreco: 2575/4759 fichas, 2445 productos
[12:37:48 a. m.] Luis Penagos: 1275/4063 fichas, 1274 productos
[12:38:09 a. m.] Ferreco: 2600/4759 fichas, 2470 productos
[12:38:21 a. m.] Luis Penagos: 1300/4063 fichas, 1299 productos
[12:38:34 a. m.] Ferreco: 2625/4759 fichas, 2495 productos
[12:38:52 a. m.] Luis Penagos: 1325/4063 fichas, 1324 productos
[12:38:59 a. m.] Ferreco: 2650/4759 fichas, 2520 productos
[12:39:24 a. m.] Luis Penagos: 1350/4063 fichas, 1349 productos
[12:39:25 a. m.] Ferreco: 2675/4759 fichas, 2545 productos
[12:39:50 a. m.] Ferreco: 2700/4759 fichas, 2570 productos
[12:39:54 a. m.] Luis Penagos: 1375/4063 fichas, 1374 productos
[12:40:15 a. m.] Ferreco: 2725/4759 fichas, 2595 productos
[12:40:26 a. m.] Luis Penagos: 1400/4063 fichas, 1399 productos
[12:40:40 a. m.] Ferreco: 2750/4759 fichas, 2620 productos
[12:41:00 a. m.] Luis Penagos: 1425/4063 fichas, 1424 productos
[12:41:06 a. m.] Ferreco: 2775/4759 fichas, 2645 productos
[12:41:31 a. m.] Ferreco: 2800/4759 fichas, 2670 productos
[12:41:32 a. m.] Luis Penagos: 1450/4063 fichas, 1449 productos
[12:41:56 a. m.] Ferreco: 2825/4759 fichas, 2695 productos
[12:42:03 a. m.] Luis Penagos: 1475/4063 fichas, 1474 productos
[12:42:21 a. m.] Ferreco: 2850/4759 fichas, 2720 productos
[12:42:33 a. m.] Luis Penagos: 1500/4063 fichas, 1499 productos
[12:42:47 a. m.] Ferreco: 2875/4759 fichas, 2745 productos
[12:43:05 a. m.] Luis Penagos: 1525/4063 fichas, 1524 productos
[12:43:12 a. m.] Ferreco: 2900/4759 fichas, 2770 productos
[12:43:36 a. m.] Luis Penagos: 1550/4063 fichas, 1549 productos
[12:43:37 a. m.] Ferreco: 2925/4759 fichas, 2795 productos
[12:44:03 a. m.] Ferreco: 2950/4759 fichas, 2820 productos
[12:44:07 a. m.] Luis Penagos: 1575/4063 fichas, 1574 productos
[12:44:27 a. m.] Ferreco: 2975/4759 fichas, 2845 productos
[12:44:39 a. m.] Luis Penagos: 1600/4063 fichas, 1599 productos
[12:44:53 a. m.] Ferreco: 3000/4759 fichas, 2870 productos
[12:45:16 a. m.] Luis Penagos: 1625/4063 fichas, 1624 productos
[12:45:18 a. m.] Ferreco: 3025/4759 fichas, 2895 productos
[12:45:43 a. m.] Ferreco: 3050/4759 fichas, 2920 productos
[12:45:48 a. m.] Luis Penagos: 1650/4063 fichas, 1649 productos
[12:46:09 a. m.] Ferreco: 3075/4759 fichas, 2945 productos
[12:46:19 a. m.] Luis Penagos: 1675/4063 fichas, 1674 productos
[12:46:34 a. m.] Ferreco: 3100/4759 fichas, 2970 productos
[12:46:48 a. m.] Luis Penagos: 1700/4063 fichas, 1699 productos
[12:46:59 a. m.] Ferreco: 3125/4759 fichas, 2995 productos
[12:47:19 a. m.] Luis Penagos: 1725/4063 fichas, 1724 productos
[12:47:24 a. m.] Ferreco: 3150/4759 fichas, 3020 productos
[12:47:49 a. m.] Ferreco: 3175/4759 fichas, 3045 productos
[12:47:50 a. m.] Luis Penagos: 1750/4063 fichas, 1749 productos
[12:48:15 a. m.] Ferreco: 3200/4759 fichas, 3070 productos
[12:48:23 a. m.] Luis Penagos: 1775/4063 fichas, 1774 productos
[12:48:40 a. m.] Ferreco: 3225/4759 fichas, 3095 productos
[12:49:01 a. m.] Luis Penagos: 1800/4063 fichas, 1799 productos
[12:49:05 a. m.] Ferreco: 3250/4759 fichas, 3120 productos
[12:49:30 a. m.] Ferreco: 3275/4759 fichas, 3145 productos
[12:49:32 a. m.] Luis Penagos: 1825/4063 fichas, 1824 productos
[12:49:56 a. m.] Ferreco: 3300/4759 fichas, 3170 productos
[12:50:05 a. m.] Luis Penagos: 1850/4063 fichas, 1849 productos
[12:50:21 a. m.] Ferreco: 3325/4759 fichas, 3195 productos
[12:50:37 a. m.] Luis Penagos: 1875/4063 fichas, 1874 productos
[12:50:46 a. m.] Ferreco: 3350/4759 fichas, 3220 productos
[12:51:07 a. m.] Luis Penagos: 1900/4063 fichas, 1899 productos
[12:51:11 a. m.] Ferreco: 3375/4759 fichas, 3245 productos
[12:51:36 a. m.] Ferreco: 3400/4759 fichas, 3270 productos
[12:51:41 a. m.] Luis Penagos: 1925/4063 fichas, 1924 productos
[12:52:02 a. m.] Ferreco: 3425/4759 fichas, 3295 productos
[12:52:15 a. m.] Luis Penagos: 1950/4063 fichas, 1949 productos
[12:52:27 a. m.] Ferreco: 3450/4759 fichas, 3320 productos
[12:52:46 a. m.] Luis Penagos: 1975/4063 fichas, 1974 productos
[12:52:52 a. m.] Ferreco: 3475/4759 fichas, 3345 productos
[12:53:17 a. m.] Ferreco: 3500/4759 fichas, 3370 productos
[12:53:19 a. m.] Luis Penagos: 2000/4063 fichas, 1999 productos
[12:53:42 a. m.] Ferreco: 3525/4759 fichas, 3395 productos
[12:53:48 a. m.] Luis Penagos: 2025/4063 fichas, 2024 productos
[12:54:08 a. m.] Ferreco: 3550/4759 fichas, 3420 productos
[12:54:23 a. m.] Luis Penagos: 2050/4063 fichas, 2049 productos
[12:54:33 a. m.] Ferreco: 3575/4759 fichas, 3445 productos
[12:54:55 a. m.] Luis Penagos: 2075/4063 fichas, 2074 productos
[12:54:58 a. m.] Ferreco: 3600/4759 fichas, 3470 productos
[12:55:23 a. m.] Ferreco: 3625/4759 fichas, 3495 productos
[12:55:28 a. m.] Luis Penagos: 2100/4063 fichas, 2099 productos
[12:55:48 a. m.] Ferreco: 3650/4759 fichas, 3520 productos
[12:56:01 a. m.] Luis Penagos: 2125/4063 fichas, 2124 productos
[12:56:14 a. m.] Ferreco: 3675/4759 fichas, 3545 productos
[12:56:35 a. m.] Luis Penagos: 2150/4063 fichas, 2149 productos
[12:56:39 a. m.] Ferreco: 3700/4759 fichas, 3570 productos
[12:57:04 a. m.] Ferreco: 3725/4759 fichas, 3595 productos
[12:57:08 a. m.] Luis Penagos: 2175/4063 fichas, 2174 productos
[12:57:29 a. m.] Ferreco: 3750/4759 fichas, 3620 productos
[12:57:42 a. m.] Luis Penagos: 2200/4063 fichas, 2199 productos
[12:57:55 a. m.] Ferreco: 3775/4759 fichas, 3645 productos
[12:58:15 a. m.] Luis Penagos: 2225/4063 fichas, 2224 productos
[12:58:20 a. m.] Ferreco: 3800/4759 fichas, 3670 productos
[12:58:45 a. m.] Ferreco: 3825/4759 fichas, 3695 productos
[12:58:50 a. m.] Luis Penagos: 2250/4063 fichas, 2249 productos
[12:59:10 a. m.] Ferreco: 3850/4759 fichas, 3720 productos
[12:59:24 a. m.] Luis Penagos: 2275/4063 fichas, 2274 productos
[12:59:35 a. m.] Ferreco: 3875/4759 fichas, 3745 productos
[12:59:54 a. m.] Luis Penagos: 2300/4063 fichas, 2299 productos
[1:00:01 a. m.] Ferreco: 3900/4759 fichas, 3770 productos
[1:00:26 a. m.] Ferreco: 3925/4759 fichas, 3795 productos
[1:00:28 a. m.] Luis Penagos: 2325/4063 fichas, 2324 productos
[1:00:51 a. m.] Ferreco: 3950/4759 fichas, 3820 productos
[1:01:00 a. m.] Luis Penagos: 2350/4063 fichas, 2349 productos
[1:01:16 a. m.] Ferreco: 3975/4759 fichas, 3845 productos
[1:01:34 a. m.] Luis Penagos: 2375/4063 fichas, 2374 productos
[1:01:42 a. m.] Ferreco: 4000/4759 fichas, 3870 productos
[1:02:06 a. m.] Luis Penagos: 2400/4063 fichas, 2399 productos
[1:02:07 a. m.] Ferreco: 4025/4759 fichas, 3895 productos
[1:02:32 a. m.] Ferreco: 4050/4759 fichas, 3920 productos
[1:02:37 a. m.] Luis Penagos: 2425/4063 fichas, 2424 productos
[1:02:57 a. m.] Ferreco: 4075/4759 fichas, 3945 productos
[1:03:10 a. m.] Luis Penagos: 2450/4063 fichas, 2449 productos
[1:03:22 a. m.] Ferreco: 4100/4759 fichas, 3970 productos
[1:03:42 a. m.] Luis Penagos: 2475/4063 fichas, 2474 productos
[1:03:48 a. m.] Ferreco: 4125/4759 fichas, 3995 productos
[1:04:13 a. m.] Ferreco: 4150/4759 fichas, 4020 productos
[1:04:15 a. m.] Luis Penagos: 2500/4063 fichas, 2499 productos
[1:04:38 a. m.] Ferreco: 4175/4759 fichas, 4045 productos
[1:04:47 a. m.] Luis Penagos: 2525/4063 fichas, 2524 productos
[1:05:03 a. m.] Ferreco: 4200/4759 fichas, 4070 productos
[1:05:18 a. m.] Luis Penagos: 2550/4063 fichas, 2549 productos
[1:05:29 a. m.] Ferreco: 4225/4759 fichas, 4095 productos
[1:05:48 a. m.] Luis Penagos: 2575/4063 fichas, 2574 productos
[1:05:54 a. m.] Ferreco: 4250/4759 fichas, 4120 productos
[1:06:19 a. m.] Luis Penagos: 2600/4063 fichas, 2599 productos
[1:06:19 a. m.] Ferreco: 4275/4759 fichas, 4145 productos
[1:06:44 a. m.] Ferreco: 4300/4759 fichas, 4170 productos
[1:06:50 a. m.] Luis Penagos: 2625/4063 fichas, 2624 productos
[1:07:09 a. m.] Ferreco: 4325/4759 fichas, 4195 productos
[1:07:23 a. m.] Luis Penagos: 2650/4063 fichas, 2649 productos
[1:07:35 a. m.] Ferreco: 4350/4759 fichas, 4220 productos
[1:07:54 a. m.] Luis Penagos: 2675/4063 fichas, 2674 productos
[1:08:00 a. m.] Ferreco: 4375/4759 fichas, 4245 productos
[1:08:25 a. m.] Luis Penagos: 2700/4063 fichas, 2699 productos
[1:08:25 a. m.] Ferreco: 4400/4759 fichas, 4270 productos
[1:08:50 a. m.] Ferreco: 4425/4759 fichas, 4295 productos
[1:08:57 a. m.] Luis Penagos: 2725/4063 fichas, 2724 productos
[1:09:16 a. m.] Ferreco: 4450/4759 fichas, 4320 productos
[1:09:28 a. m.] Luis Penagos: 2750/4063 fichas, 2749 productos
[1:09:41 a. m.] Ferreco: 4475/4759 fichas, 4345 productos
[1:09:59 a. m.] Luis Penagos: 2775/4063 fichas, 2774 productos
[1:10:06 a. m.] Ferreco: 4500/4759 fichas, 4370 productos
[1:10:31 a. m.] Ferreco: 4525/4759 fichas, 4395 productos
[1:10:33 a. m.] Luis Penagos: 2800/4063 fichas, 2799 productos
[1:10:56 a. m.] Ferreco: 4550/4759 fichas, 4420 productos
[1:11:05 a. m.] Luis Penagos: 2825/4063 fichas, 2824 productos
[1:11:22 a. m.] Ferreco: 4575/4759 fichas, 4445 productos
[1:11:37 a. m.] Luis Penagos: 2850/4063 fichas, 2849 productos
[1:11:47 a. m.] Ferreco: 4600/4759 fichas, 4470 productos
[1:12:10 a. m.] Luis Penagos: 2875/4063 fichas, 2874 productos
[1:12:12 a. m.] Ferreco: 4625/4759 fichas, 4495 productos
[1:12:37 a. m.] Ferreco: 4650/4759 fichas, 4520 productos
[1:12:42 a. m.] Luis Penagos: 2900/4063 fichas, 2899 productos
[1:13:02 a. m.] Ferreco: 4675/4759 fichas, 4545 productos
[1:13:18 a. m.] Luis Penagos: 2925/4063 fichas, 2924 productos
[1:13:28 a. m.] Ferreco: 4700/4759 fichas, 4570 productos
[1:13:53 a. m.] Ferreco: 4725/4759 fichas, 4595 productos
[1:13:53 a. m.] Luis Penagos: 2950/4063 fichas, 2949 productos
[1:14:18 a. m.] Ferreco: 4750/4759 fichas, 4620 productos
[1:14:28 a. m.] Luis Penagos: 2975/4063 fichas, 2974 productos
[1:14:28 a. m.] Ferreco: COMPLETO: 4629 productos -> pages\ESTADISTICAS\FERRETERIAS BOGOTA\Ferreco\inventario_ferreco.xlsx
[1:15:00 a. m.] Luis Penagos: 3000/4063 fichas, 2999 productos
[1:15:35 a. m.] Luis Penagos: 3025/4063 fichas, 3024 productos
[1:16:09 a. m.] Luis Penagos: 3050/4063 fichas, 3049 productos
[1:16:42 a. m.] Luis Penagos: 3075/4063 fichas, 3074 productos
[1:17:14 a. m.] Luis Penagos: 3100/4063 fichas, 3099 productos
[1:17:46 a. m.] Luis Penagos: 3125/4063 fichas, 3124 productos
[1:18:18 a. m.] Luis Penagos: 3150/4063 fichas, 3149 productos
[1:18:51 a. m.] Luis Penagos: 3175/4063 fichas, 3174 productos
[1:19:24 a. m.] Luis Penagos: 3200/4063 fichas, 3199 productos
[1:19:57 a. m.] Luis Penagos: 3225/4063 fichas, 3224 productos
[1:20:31 a. m.] Luis Penagos: 3250/4063 fichas, 3249 productos
[1:21:04 a. m.] Luis Penagos: 3275/4063 fichas, 3274 productos
[1:21:36 a. m.] Luis Penagos: 3300/4063 fichas, 3299 productos
[1:22:10 a. m.] Luis Penagos: 3325/4063 fichas, 3324 productos
[1:22:43 a. m.] Luis Penagos: 3350/4063 fichas, 3349 productos
[1:23:16 a. m.] Luis Penagos: 3375/4063 fichas, 3374 productos
[1:23:47 a. m.] Luis Penagos: 3400/4063 fichas, 3399 productos
[1:24:20 a. m.] Luis Penagos: 3425/4063 fichas, 3424 productos
[1:24:52 a. m.] Luis Penagos: 3450/4063 fichas, 3449 productos
[1:25:24 a. m.] Luis Penagos: 3475/4063 fichas, 3474 productos
[1:25:55 a. m.] Luis Penagos: 3500/4063 fichas, 3499 productos
[1:26:28 a. m.] Luis Penagos: 3525/4063 fichas, 3524 productos
[1:26:59 a. m.] Luis Penagos: 3550/4063 fichas, 3549 productos
[1:27:31 a. m.] Luis Penagos: 3575/4063 fichas, 3574 productos
[1:28:02 a. m.] Luis Penagos: 3600/4063 fichas, 3599 productos
[1:28:33 a. m.] Luis Penagos: 3625/4063 fichas, 3624 productos
[1:29:06 a. m.] Luis Penagos: 3650/4063 fichas, 3649 productos
[1:29:37 a. m.] Luis Penagos: 3675/4063 fichas, 3674 productos
[1:30:09 a. m.] Luis Penagos: 3700/4063 fichas, 3699 productos
[1:30:41 a. m.] Luis Penagos: 3725/4063 fichas, 3724 productos
[1:31:14 a. m.] Luis Penagos: 3750/4063 fichas, 3749 productos
[1:31:47 a. m.] Luis Penagos: 3775/4063 fichas, 3774 productos
[1:32:25 a. m.] Luis Penagos: 3800/4063 fichas, 3799 productos
[1:33:03 a. m.] Luis Penagos: 3825/4063 fichas, 3824 productos
[1:33:35 a. m.] Luis Penagos: 3850/4063 fichas, 3849 productos
[1:34:07 a. m.] Luis Penagos: 3875/4063 fichas, 3874 productos
[1:34:40 a. m.] Luis Penagos: 3900/4063 fichas, 3899 productos
[1:35:13 a. m.] Luis Penagos: 3925/4063 fichas, 3924 productos
[1:35:46 a. m.] Luis Penagos: 3950/4063 fichas, 3949 productos
[1:36:20 a. m.] Luis Penagos: 3975/4063 fichas, 3974 productos
[1:36:52 a. m.] Luis Penagos: 4000/4063 fichas, 3999 productos
[1:37:20 a. m.] Luis Penagos: 4025/4063 fichas, 4024 productos
[1:37:46 a. m.] Luis Penagos: 4050/4063 fichas, 4049 productos
[1:38:01 a. m.] Luis Penagos: COMPLETO: 4062 productos -> pages\ESTADISTICAS\FERRETERIAS BOGOTA\Luis Penagos\inventario_luispenagos.xlsx
[1:38:01 a. m.] fin: Easy: piloto NO aprobado | Ferricentro: 7068 productos | Ferreco: 4629 productos | Luis Penagos: 4062 productos | Rhino: 3589 productos
