[11:43:24 p. m.] inicio: Ferropaz, Grupo Ferropaz, Ferremundo la 17, Ferricentro
[11:43:25 p. m.] Ferropaz: piloto 10 % (prestashop, semilla 20260927)
[11:43:25 p. m.] Grupo Ferropaz: piloto 10 % (mapa, semilla 20260927)
[11:43:25 p. m.] Ferremundo la 17: piloto 10 % (woo, semilla 20260927)
[11:43:25 p. m.] Ferricentro: piloto 10 % (magento, semilla 20260927)
[11:43:26 p. m.] Ferremundo la 17: 4 productos
[11:43:26 p. m.] Ferremundo la 17: piloto: 1 productos; auditoria de 1 fichas
[11:43:26 p. m.] Ferropaz: piloto: 1 productos; auditoria de 1 fichas
[11:43:27 p. m.] Ferropaz: auditoria 1/1 = 100.0 % -> APROBADO
[11:43:28 p. m.] Ferremundo la 17: auditoria 1/1 = 100.0 % -> APROBADO
[11:43:28 p. m.] Ferremundo la 17: COMPLETO: 4 productos -> pages\ESTADISTICAS\FERRETERIAS BOYACA\Ferremundo la 17\inventario_ferremundola17.xlsx
[11:43:30 p. m.] Grupo Ferropaz: piloto: 2 productos; auditoria de 1 fichas
[11:43:32 p. m.] Grupo Ferropaz: auditoria 1/1 = 100.0 % -> APROBADO
[11:43:35 p. m.] Ferropaz: COMPLETO: 8 productos -> pages\ESTADISTICAS\FERRETERIAS BOYACA\Ferropaz\inventario_ferropaz.xlsx
[11:43:44 p. m.] Ferricentro: 100 productos
[11:43:54 p. m.] Grupo Ferropaz: COMPLETO: 14 productos -> pages\ESTADISTICAS\FERRETERIAS BOYACA\Grupo Ferropaz\inventario_grupoferropaz.xlsx
[11:43:56 p. m.] Ferricentro: 200 productos
[11:44:06 p. m.] Ferricentro: 300 productos
[11:44:14 p. m.] Ferricentro: 400 productos
[11:44:22 p. m.] Ferricentro: 500 productos
[11:44:32 p. m.] Ferricentro: 600 productos
[11:44:43 p. m.] Ferricentro: 700 productos
[11:44:53 p. m.] Ferricentro: 800 productos
[11:44:53 p. m.] Ferricentro: piloto: 800 productos; auditoria de 354 fichas
[11:50:57 p. m.] Ferricentro: auditoria 354/354 = 100.0 % -> APROBADO
[11:50:57 p. m.] Ferricentro: 100 productos
[11:51:09 p. m.] Ferricentro: 200 productos
[11:51:18 p. m.] Ferricentro: 300 productos
[11:51:18 p. m.] Ferricentro: 400 productos
[11:51:29 p. m.] Ferricentro: 500 productos
[11:51:39 p. m.] Ferricentro: 600 productos
[11:51:48 p. m.] Ferricentro: 700 productos
[11:51:58 p. m.] Ferricentro: 800 productos
[11:52:10 p. m.] Ferricentro: 900 productos
[11:52:18 p. m.] Ferricentro: 1000 productos
[11:52:27 p. m.] Ferricentro: 1100 productos
[11:52:36 p. m.] Ferricentro: 1200 productos
[11:52:46 p. m.] Ferricentro: 1300 productos
[11:52:57 p. m.] Ferricentro: 1400 productos
[11:53:06 p. m.] Ferricentro: 1500 productos
[11:53:16 p. m.] Ferricentro: 1600 productos
[11:53:27 p. m.] Ferricentro: 1700 productos
[11:53:36 p. m.] Ferricentro: 1800 productos
[11:53:46 p. m.] Ferricentro: 1900 productos
[11:53:47 p. m.] Ferricentro: 2000 productos
[11:53:57 p. m.] Ferricentro: 2100 productos
[11:54:09 p. m.] Ferricentro: 2200 productos
[11:54:20 p. m.] Ferricentro: 2300 productos
[11:54:31 p. m.] Ferricentro: 2400 productos
[11:54:31 p. m.] Ferricentro: 2500 productos
[11:54:42 p. m.] Ferricentro: 2600 productos
[11:54:42 p. m.] Ferricentro: 2700 productos
[11:54:52 p. m.] Ferricentro: 2800 productos
[11:55:02 p. m.] Ferricentro: 2900 productos
[11:55:13 p. m.] Ferricentro: 3000 productos
[11:55:23 p. m.] Ferricentro: 3100 productos
[11:55:34 p. m.] Ferricentro: 3200 productos
[11:55:34 p. m.] Ferricentro: 3300 productos
[11:55:35 p. m.] Ferricentro: 3400 productos
[11:55:46 p. m.] Ferricentro: 3500 productos
[11:55:55 p. m.] Ferricentro: 3600 productos
[11:56:05 p. m.] Ferricentro: 3700 productos
[11:56:14 p. m.] Ferricentro: 3800 productos
[11:56:25 p. m.] Ferricentro: 3900 productos
[11:56:36 p. m.] Ferricentro: 4000 productos
[11:56:36 p. m.] Ferricentro: 4100 productos
[11:56:46 p. m.] Ferricentro: 4200 productos
[11:56:54 p. m.] Ferricentro: 4300 productos
[11:57:05 p. m.] Ferricentro: 4400 productos
[11:57:05 p. m.] Ferricentro: 4500 productos
[11:57:17 p. m.] Ferricentro: 4600 productos
[11:57:26 p. m.] Ferricentro: 4700 productos
[11:57:36 p. m.] Ferricentro: 4800 productos
[11:57:47 p. m.] Ferricentro: 4900 productos
[11:57:55 p. m.] Ferricentro: 5000 productos
[11:58:07 p. m.] Ferricentro: 5100 productos
[11:58:17 p. m.] Ferricentro: 5200 productos
[11:58:28 p. m.] Ferricentro: 5300 productos
[11:58:37 p. m.] Ferricentro: 5400 productos
[11:58:48 p. m.] Ferricentro: 5500 productos
[11:58:57 p. m.] Ferricentro: 5600 productos
[11:59:07 p. m.] Ferricentro: 5700 productos
[11:59:17 p. m.] Ferricentro: 5800 productos
[11:59:28 p. m.] Ferricentro: 5900 productos
[11:59:37 p. m.] Ferricentro: 6000 productos
[11:59:47 p. m.] Ferricentro: 6100 productos
[11:59:56 p. m.] Ferricentro: 6200 productos
[12:00:04 a. m.] Ferricentro: 6300 productos
[12:00:15 a. m.] Ferricentro: 6400 productos
[12:00:24 a. m.] Ferricentro: 6500 productos
[12:00:35 a. m.] Ferricentro: 6600 productos
[12:00:43 a. m.] Ferricentro: 6700 productos
[12:00:54 a. m.] Ferricentro: 6800 productos
[12:01:06 a. m.] Ferricentro: 6900 productos
[12:01:16 a. m.] Ferricentro: 7000 productos
[12:01:23 a. m.] Ferricentro: 7068 productos
[12:01:24 a. m.] Ferricentro: COMPLETO: 7068 productos -> pages\ESTADISTICAS\FERRETERIAS BOGOTA\Ferricentro\inventario_ferricentro.xlsx
[12:01:24 a. m.] fin: Ferropaz: 8 productos | Grupo Ferropaz: 14 productos | Ferremundo la 17: 4 productos | Ferricentro: 7068 productos
